[html-template.spider-themes.net/landpagy/index.html]
[backblue.gif]
[fade.gif]
[index.html]
[html-template.spider-themes.net/landpagy/assets/images/favicon.ico]
[html-template.spider-themes.net/landpagy/assets/css/fontawesome.min.css]
[html-template.spider-themes.net/landpagy/assets/css/elegant-icons.min.css]
[html-template.spider-themes.net/landpagy/assets/css/animate.min.css]
[html-template.spider-themes.net/landpagy/assets/css/bootstrap.min.css]
[html-template.spider-themes.net/landpagy/assets/css/swiper-bundle.min.css]
[html-template.spider-themes.net/landpagy/assets/css/jquery.fancybox.min.css]
[html-template.spider-themes.net/landpagy/assets/css/style.css]
[html-template.spider-themes.net/landpagy/assets/css/responsive.css]
[html-template.spider-themes.net/landpagy/assets/images/spinner_logo.svg]
[html-template.spider-themes.net/landpagy/assets/images/logo.svg]
[html-template.spider-themes.net/landpagy/assets/images/home_demos/project.png]
[html-template.spider-themes.net/landpagy/index-software.html]
[html-template.spider-themes.net/landpagy/assets/images/home_demos/software.png]
[html-template.spider-themes.net/landpagy/index-software2.html]
[html-template.spider-themes.net/landpagy/assets/images/home_demos/software-2.png]
[html-template.spider-themes.net/landpagy/index-payment.html]
[html-template.spider-themes.net/landpagy/assets/images/home_demos/payment.png]
[html-template.spider-themes.net/landpagy/index-billing.html]
[html-template.spider-themes.net/landpagy/assets/images/home_demos/billing.png]
[html-template.spider-themes.net/landpagy/index-cloud.html]
[html-template.spider-themes.net/landpagy/assets/images/home_demos/cloud.png]
[html-template.spider-themes.net/landpagy/index-app.html]
[html-template.spider-themes.net/landpagy/assets/images/home_demos/app.png]
[html-template.spider-themes.net/landpagy/index-hrm.html]
[html-template.spider-themes.net/landpagy/assets/images/home_demos/hrm.png]
[html-template.spider-themes.net/landpagy/index-pos.html]
[html-template.spider-themes.net/landpagy/assets/images/home_demos/pos.png]
[html-template.spider-themes.net/landpagy/index-proto.html]
[html-template.spider-themes.net/landpagy/assets/images/home_demos/proto.png]
[html-template.spider-themes.net/landpagy/help-center.html]
[html-template.spider-themes.net/landpagy/assets/images/home_demos/help.png]
[html-template.spider-themes.net/landpagy/product.html]
[html-template.spider-themes.net/landpagy/services.html]
[html-template.spider-themes.net/landpagy/404.html]
[html-template.spider-themes.net/landpagy/about.html]
[html-template.spider-themes.net/landpagy/about-2.html]
[html-template.spider-themes.net/landpagy/contact.html]
[html-template.spider-themes.net/landpagy/contact-2.html]
[html-template.spider-themes.net/landpagy/comming-soon.html]
[html-template.spider-themes.net/landpagy/comming-soon-2.html]
[html-template.spider-themes.net/landpagy/comming-soon-3.html]
[html-template.spider-themes.net/landpagy/comming-soon-4.html]
[html-template.spider-themes.net/landpagy/accordion.html]
[html-template.spider-themes.net/landpagy/team.html]
[html-template.spider-themes.net/landpagy/integration.html]
[html-template.spider-themes.net/landpagy/client.html]
[html-template.spider-themes.net/landpagy/testimonial.html]
[html-template.spider-themes.net/landpagy/video.html]
[html-template.spider-themes.net/landpagy/process.html]
[html-template.spider-themes.net/landpagy/pricing.html]
[html-template.spider-themes.net/landpagy/pricing-2.html]
[html-template.spider-themes.net/landpagy/subscribe.html]
[html-template.spider-themes.net/landpagy/tab.html]
[html-template.spider-themes.net/landpagy/stories.html]
[html-template.spider-themes.net/landpagy/get-app.html]
[html-template.spider-themes.net/landpagy/google-map.html]
[html-template.spider-themes.net/landpagy/fun-fact.html]
[html-template.spider-themes.net/landpagy/faq.html]
[html-template.spider-themes.net/landpagy/features.html]
[html-template.spider-themes.net/landpagy/career.html]
[html-template.spider-themes.net/landpagy/job-post.html]
[html-template.spider-themes.net/landpagy/job-application.html]
[html-template.spider-themes.net/landpagy/blog.html]
[html-template.spider-themes.net/landpagy/blog-single.html]
[html-template.spider-themes.net/landpagy/blog-grid.html]
[html-template.spider-themes.net/landpagy/signin.html]
[html-template.spider-themes.net/landpagy/signup.html]
[html-template.spider-themes.net/landpagy/assets/images/shape/banner-shape2.svg]
[html-template.spider-themes.net/landpagy/assets/images/shape/banner-shape3.svg]
[html-template.spider-themes.net/landpagy/assets/images/shape/banner-shape4.svg]
[html-template.spider-themes.net/landpagy/assets/images/shape/banner-shape6.svg]
[html-template.spider-themes.net/landpagy/assets/images/brand/brand-1.svg]
[html-template.spider-themes.net/landpagy/assets/images/brand/brand-2.svg]
[html-template.spider-themes.net/landpagy/assets/images/brand/brand-3.svg]
[html-template.spider-themes.net/landpagy/assets/images/brand/brand-4.svg]
[html-template.spider-themes.net/landpagy/assets/images/brand/brand-5.svg]
[html-template.spider-themes.net/landpagy/assets/images/features/feature.png]
[html-template.spider-themes.net/landpagy/assets/images/features/features-object-1.svg]
[html-template.spider-themes.net/landpagy/assets/images/features/features-object-2.svg]
[html-template.spider-themes.net/landpagy/assets/images/features/features-object-3.svg]
[html-template.spider-themes.net/landpagy/assets/images/features/features-object-4.svg]
[html-template.spider-themes.net/landpagy/assets/images/icon/icon.svg]
[html-template.spider-themes.net/landpagy/assets/images/icon/icon-2.svg]
[html-template.spider-themes.net/landpagy/assets/images/icon/icon-3.svg]
[html-template.spider-themes.net/landpagy/assets/images/features/features-2.png]
[html-template.spider-themes.net/landpagy/assets/images/testimonial/testimonial.png]
[html-template.spider-themes.net/landpagy/assets/images/features/features-3.png]
[html-template.spider-themes.net/landpagy/assets/images/features/features-4.png]
[html-template.spider-themes.net/landpagy/assets/images/features/features-object-6.svg]
[html-template.spider-themes.net/landpagy/assets/images/features/features-object-7.svg]
[html-template.spider-themes.net/landpagy/assets/images/features/features-object-8.svg]
[html-template.spider-themes.net/landpagy/assets/images/features/feature-5.png]
[html-template.spider-themes.net/landpagy/assets/images/features/features-8.png]
[html-template.spider-themes.net/landpagy/assets/images/features/features-9.png]
[html-template.spider-themes.net/landpagy/assets/images/logo/logo.png]
[html-template.spider-themes.net/landpagy/assets/images/logo/logo-2.png]
[html-template.spider-themes.net/landpagy/assets/images/logo/logo-3.png]
[html-template.spider-themes.net/landpagy/assets/images/logo/logo-4.png]
[html-template.spider-themes.net/landpagy/assets/images/logo/logo-5.png]
[html-template.spider-themes.net/landpagy/assets/images/shape/shape-8.svg]
[html-template.spider-themes.net/landpagy/assets/images/logo-3.png]
[html-template.spider-themes.net/landpagy/assets/images/logo-2.png]
[html-template.spider-themes.net/landpagy/assets/images/scroll.svg]
[html-template.spider-themes.net/landpagy/assets/js/plugin/jquery-3.5.0.min.js]
[html-template.spider-themes.net/landpagy/assets/js/plugin/popper.min.js]
[html-template.spider-themes.net/landpagy/assets/js/plugin/bootstrap.min.js]
[html-template.spider-themes.net/landpagy/assets/js/plugin/TweenMax.min.js]
[html-template.spider-themes.net/landpagy/assets/js/plugin/ScrollMagic.js]
[html-template.spider-themes.net/landpagy/assets/js/plugin/animation.gsap.js]
[html-template.spider-themes.net/landpagy/assets/js/plugin/debug.addIndicators.min.js]
[html-template.spider-themes.net/landpagy/assets/js/plugin/squareCountDownClock.js]
[html-template.spider-themes.net/landpagy/assets/js/plugin/wow.min.js]
[html-template.spider-themes.net/landpagy/assets/js/plugin/jquery.nice-select.min.js]
[html-template.spider-themes.net/landpagy/assets/js/plugin/jquery.fancybox.min.js]
[html-template.spider-themes.net/landpagy/assets/js/plugin/swiper-bundle.min.js]
[html-template.spider-themes.net/landpagy/assets/js/plugin/jquery.waypoints.min.js]
[html-template.spider-themes.net/landpagy/assets/js/plugin/jquery.counterup.min.js]
[html-template.spider-themes.net/landpagy/assets/js/plugin/jquery.paroller.js]
[html-template.spider-themes.net/landpagy/assets/js/script.js]
[html-template.spider-themes.net/landpagy/index.html]
[html-template.spider-themes.net/landpagy/assets/fonts/fa-brands-400.eot]
[html-template.spider-themes.net/landpagy/assets/fonts/fa-brands-400d41d.eot]
[html-template.spider-themes.net/landpagy/assets/fonts/fa-brands-400.woff2]
[html-template.spider-themes.net/landpagy/assets/fonts/fa-brands-400.woff]
[html-template.spider-themes.net/landpagy/assets/fonts/fa-brands-400.ttf]
[html-template.spider-themes.net/landpagy/assets/fonts/fa-brands-400.svg]
[html-template.spider-themes.net/landpagy/assets/fonts/fa-regular-400.eot]
[html-template.spider-themes.net/landpagy/assets/fonts/fa-regular-400d41d.eot]
[html-template.spider-themes.net/landpagy/assets/fonts/fa-regular-400.woff2]
[html-template.spider-themes.net/landpagy/assets/fonts/fa-regular-400.woff]
[html-template.spider-themes.net/landpagy/assets/fonts/fa-regular-400.ttf]
[html-template.spider-themes.net/landpagy/assets/fonts/fa-regular-400.svg]
[html-template.spider-themes.net/landpagy/assets/fonts/fa-solid-900.eot]
[html-template.spider-themes.net/landpagy/assets/fonts/fa-solid-900d41d.eot]
[html-template.spider-themes.net/landpagy/assets/fonts/fa-solid-900.woff2]
[html-template.spider-themes.net/landpagy/assets/fonts/fa-solid-900.woff]
[html-template.spider-themes.net/landpagy/assets/fonts/fa-solid-900.ttf]
[html-template.spider-themes.net/landpagy/assets/css/fontawesome.min.css]
[html-template.spider-themes.net/landpagy/assets/fonts/fa-solid-900.svg]
[html-template.spider-themes.net/landpagy/assets/fonts/ElegantIcons.eot]
[html-template.spider-themes.net/landpagy/assets/fonts/ElegantIconsd41d.eot]
[html-template.spider-themes.net/landpagy/assets/fonts/ElegantIcons.woff]
[html-template.spider-themes.net/landpagy/assets/fonts/ElegantIcons.ttf]
[html-template.spider-themes.net/landpagy/assets/css/elegant-icons.min.css]
[html-template.spider-themes.net/landpagy/assets/css/animate.min.css]
[html-template.spider-themes.net/landpagy/assets/css/bootstrap.min.css]
[html-template.spider-themes.net/landpagy/assets/css/swiper-bundle.min.css]
[html-template.spider-themes.net/landpagy/assets/css/jquery.fancybox.min.css]
[html-template.spider-themes.net/landpagy/assets/fonts/ElegantIcons.svg]
[html-template.spider-themes.net/landpagy/assets/fonts/FontsFree-Net-Elagond.ttf]
[html-template.spider-themes.net/landpagy/assets/images/home_2/feature-10-bg.svg]
[html-template.spider-themes.net/landpagy/assets/images/pricing-banner2.jpg]
[html-template.spider-themes.net/landpagy/assets/images/home_2/testimonial-bg.svg]
[html-template.spider-themes.net/landpagy/assets/images/home_6/cta-shape1.png]
[html-template.spider-themes.net/landpagy/assets/images/home_7/shapes/banner-shape1.png]
[html-template.spider-themes.net/landpagy/assets/images/home_7/shapes/mask-shape.png]
[html-template.spider-themes.net/landpagy/assets/images/about_2/statistic1.png]
[html-template.spider-themes.net/landpagy/assets/images/home_7/poly2.jpg]
[html-template.spider-themes.net/landpagy/assets/images/home_7/poly3.jpg]
[html-template.spider-themes.net/landpagy/assets/images/home_7/map.png]
[html-template.spider-themes.net/landpagy/assets/images/home_10/video-img.png]
[html-template.spider-themes.net/landpagy/assets/images/home_10/shapes/pricing-bg.png]
[html-template.spider-themes.net/landpagy/assets/images/home_10/shapes/counter-bg.png]
[html-template.spider-themes.net/landpagy/assets/images/home_10/shapes/footer-bg.svg]
[html-template.spider-themes.net/landpagy/assets/images/about_2/award-bg.png]
[html-template.spider-themes.net/landpagy/assets/images/about_2/culture-bg.jpg]
[html-template.spider-themes.net/landpagy/assets/images/process/shape15.svg]
[html-template.spider-themes.net/landpagy/assets/css/style.css]
[html-template.spider-themes.net/landpagy/assets/css/responsive.css]
[html-template.spider-themes.net/landpagy/assets/images/spinner_logo.svg]
[html-template.spider-themes.net/landpagy/assets/images/logo.svg]
[html-template.spider-themes.net/landpagy/assets/images/comming_soon/bg.svg]
[html-template.spider-themes.net/landpagy/assets/images/comming_soon/bg2.svg]
[html-template.spider-themes.net/landpagy/assets/css/slick.css]
[html-template.spider-themes.net/landpagy/assets/css/slick-theme.css]
[html-template.spider-themes.net/landpagy/assets/images/banner/banner-shape-4.svg]
[html-template.spider-themes.net/landpagy/assets/images/home_2/banner-shape-4.svg]
[html-template.spider-themes.net/landpagy/assets/images/home_2/banner-shape-1.svg]
[html-template.spider-themes.net/landpagy/assets/images/home_2/banner-shape-2.svg]
[html-template.spider-themes.net/landpagy/assets/images/home_2/banner-shape-3.svg]
[html-template.spider-themes.net/landpagy/assets/images/home_2/banner-shape-5.svg]
[html-template.spider-themes.net/landpagy/assets/images/home_2/hero-img.svg]
[html-template.spider-themes.net/landpagy/assets/images/home_2/user-slide.png]
[html-template.spider-themes.net/landpagy/assets/images/home_2/smile.png]
[html-template.spider-themes.net/landpagy/assets/images/home_2/out-feature-1.svg]
[html-template.spider-themes.net/landpagy/assets/images/home_2/out-feature-2.svg]
[html-template.spider-themes.net/landpagy/assets/images/home_2/out-feature-3.svg]
[html-template.spider-themes.net/landpagy/assets/images/home_2/out-feature-4.svg]
[html-template.spider-themes.net/landpagy/assets/images/home_2/object2.svg]
[html-template.spider-themes.net/landpagy/assets/images/home_2/object1.svg]
[html-template.spider-themes.net/landpagy/assets/images/home_2/dashboard-1.png]
[html-template.spider-themes.net/landpagy/assets/images/home_2/dashboard-2.png]
[html-template.spider-themes.net/landpagy/assets/images/home_2/feature-shape.svg]
[html-template.spider-themes.net/landpagy/assets/images/home_2/user-icon-1.png]
[html-template.spider-themes.net/landpagy/assets/images/home_2/user-icon-2.png]
[html-template.spider-themes.net/landpagy/assets/images/home_2/user-icon-3.png]
[html-template.spider-themes.net/landpagy/assets/images/home_2/testimonial-shape.png]
[html-template.spider-themes.net/landpagy/assets/images/home_2/testimonial-1.png]
[html-template.spider-themes.net/landpagy/assets/images/home_2/testimonial-2.png]
[html-template.spider-themes.net/landpagy/assets/images/footer/map.png]
[html-template.spider-themes.net/landpagy/assets/js/plugin/slick.min.js]
[html-template.spider-themes.net/landpagy/index-software.html]
[html-template.spider-themes.net/landpagy/assets/js/plugin/jquery.parallax-scroll.js]
[html-template.spider-themes.net/landpagy/assets/css/nice-select.css]
[html-template.spider-themes.net/landpagy/assets/images/logo-5.svg]
[html-template.spider-themes.net/landpagy/assets/images/home_7/shapes/banner-shape2.png]
[html-template.spider-themes.net/landpagy/assets/images/home_7/shapes/banner-shape3.png]
[html-template.spider-themes.net/landpagy/assets/images/home_7/banner.png]
[html-template.spider-themes.net/landpagy/assets/images/home_7/shapes/text-shape.svg]
[html-template.spider-themes.net/landpagy/assets/images/brand/brand-6.svg]
[html-template.spider-themes.net/landpagy/assets/images/brand/brand-7.svg]
[html-template.spider-themes.net/landpagy/assets/images/brand/brand-8.svg]
[html-template.spider-themes.net/landpagy/assets/images/brand/brand-9.svg]
[html-template.spider-themes.net/landpagy/assets/images/brand/brand-10.svg]
[html-template.spider-themes.net/landpagy/assets/images/brand/brand-11.svg]
[html-template.spider-themes.net/landpagy/assets/images/home_7/soft-item1.jpg]
[html-template.spider-themes.net/landpagy/assets/images/home_7/soft-item2.jpg]
[html-template.spider-themes.net/landpagy/assets/images/home_7/soft-item3.jpg]
[html-template.spider-themes.net/landpagy/assets/images/home_7/soft-item4.jpg]
[html-template.spider-themes.net/landpagy/assets/images/home_7/soft-item5.jpg]
[html-template.spider-themes.net/landpagy/assets/images/home_7/soft-item6.jpg]
[html-template.spider-themes.net/landpagy/assets/images/home_7/soft-item7.jpg]
[html-template.spider-themes.net/landpagy/assets/images/home_7/soft-item8.jpg]
[html-template.spider-themes.net/landpagy/assets/images/home_7/soft-item9.jpg]
[html-template.spider-themes.net/landpagy/assets/images/home_7/shapes/clients-shape.png]
[html-template.spider-themes.net/landpagy/assets/images/home_7/brands/clients-logo1.png]
[html-template.spider-themes.net/landpagy/assets/images/home_7/brands/clients-logo2.png]
[html-template.spider-themes.net/landpagy/assets/images/home_7/brands/clients-logo3.png]
[html-template.spider-themes.net/landpagy/assets/images/home_7/brands/clients-logo4.png]
[html-template.spider-themes.net/landpagy/assets/images/home_7/brands/clients-logo5.png]
[html-template.spider-themes.net/landpagy/assets/images/home_7/brands/clients-logo6.png]
[html-template.spider-themes.net/landpagy/assets/images/home_7/icons/icon1.svg]
[html-template.spider-themes.net/landpagy/assets/images/home_7/icons/icon2.svg]
[html-template.spider-themes.net/landpagy/assets/images/home_7/icons/icon3.svg]
[html-template.spider-themes.net/landpagy/assets/images/home_7/icons/icon4.svg]
[html-template.spider-themes.net/landpagy/assets/images/home_7/icons/logo-icon.svg]
[html-template.spider-themes.net/landpagy/assets/images/home_7/shapes/counter-shape1.svg]
[html-template.spider-themes.net/landpagy/assets/images/home_7/shapes/counter-shape2.svg]
[html-template.spider-themes.net/landpagy/assets/images/home_6/fea-images-shape3.svg]
[html-template.spider-themes.net/landpagy/assets/images/home_6/fea-shape1.svg]
[html-template.spider-themes.net/landpagy/assets/images/home_6/fea-images-shape1.svg]
[html-template.spider-themes.net/landpagy/assets/images/home_7/fea-img1.jpg]
[html-template.spider-themes.net/landpagy/assets/images/home_7/fea-img2.jpg]
[html-template.spider-themes.net/landpagy/assets/images/home_7/fea-img3.jpg]
[html-template.spider-themes.net/landpagy/assets/images/home_7/auth1.png]
[html-template.spider-themes.net/landpagy/assets/images/home_7/auth2.png]
[html-template.spider-themes.net/landpagy/assets/images/home_7/shapes/cta-shape.png]
[html-template.spider-themes.net/landpagy/assets/images/home_7/shapes/cta-shape2.png]
[html-template.spider-themes.net/landpagy/assets/images/home_6/kite.svg]
[html-template.spider-themes.net/landpagy/assets/images/home_6/women.svg]
[html-template.spider-themes.net/landpagy/assets/images/home_5/icons/leaf.svg]
[html-template.spider-themes.net/landpagy/assets/images/home_7/shapes/footer-shape.svg]
[html-template.spider-themes.net/landpagy/assets/js/plugin/isotope.pkgd.min.js]
[html-template.spider-themes.net/landpagy/index-software2.html]
[html-template.spider-themes.net/landpagy/assets/images/logo-4.svg]
[html-template.spider-themes.net/landpagy/assets/images/home_3/tree-water.png]
[html-template.spider-themes.net/landpagy/assets/images/home_3/cloud-1.png]
[html-template.spider-themes.net/landpagy/assets/images/home_3/cloud-2.png]
[html-template.spider-themes.net/landpagy/assets/images/home_3/cloud-3.png]
[html-template.spider-themes.net/landpagy/assets/images/home_3/bird.png]
[html-template.spider-themes.net/landpagy/assets/images/home_3/banner-bg-shape-1.png]
[html-template.spider-themes.net/landpagy/assets/images/home_3/banner-bg-shape-2.png]
[html-template.spider-themes.net/landpagy/assets/images/home_3/leaf.svg]
[html-template.spider-themes.net/landpagy/assets/images/home_3/tree-field.png]
[html-template.spider-themes.net/landpagy/assets/images/home_3/tree-1.png]
[html-template.spider-themes.net/landpagy/assets/images/home_3/tree-2.png]
[html-template.spider-themes.net/landpagy/assets/images/home_3/tree-dollar.png]
[html-template.spider-themes.net/landpagy/assets/images/home_3/tree-3.png]
[html-template.spider-themes.net/landpagy/assets/images/home_3/tree-4.png]
[html-template.spider-themes.net/landpagy/assets/images/home_3/user-slider-1.png]
[html-template.spider-themes.net/landpagy/assets/images/home_3/user-shape-1.svg]
[html-template.spider-themes.net/landpagy/assets/images/home_3/component-1.svg]
[html-template.spider-themes.net/landpagy/assets/images/home_3/component-2.svg]
[html-template.spider-themes.net/landpagy/assets/images/home_3/component-3.svg]
[html-template.spider-themes.net/landpagy/assets/images/home_3/component-4.svg]
[html-template.spider-themes.net/landpagy/assets/images/home_3/component-5.svg]
[html-template.spider-themes.net/landpagy/assets/images/home_3/component-6.svg]
[html-template.spider-themes.net/landpagy/assets/images/home_3/fast-deal-1.svg]
[html-template.spider-themes.net/landpagy/assets/images/home_3/fast-deal-2.svg]
[html-template.spider-themes.net/landpagy/assets/images/home_3/fast-deal-3.svg]
[html-template.spider-themes.net/landpagy/assets/images/home_3/fast-deal-4.png]
[html-template.spider-themes.net/landpagy/assets/images/home_3/fast-deal-5.png]
[html-template.spider-themes.net/landpagy/assets/images/home_3/fast-deal-6.png]
[html-template.spider-themes.net/landpagy/assets/images/home_3/fast-deal-7.png]
[html-template.spider-themes.net/landpagy/assets/images/home_3/all-in-app.png]
[html-template.spider-themes.net/landpagy/assets/images/home_3/app-integrate-1.png]
[html-template.spider-themes.net/landpagy/assets/images/home_3/app-integrate-2.png]
[html-template.spider-themes.net/landpagy/assets/images/home_3/app-integrate-3.png]
[html-template.spider-themes.net/landpagy/assets/images/home_3/app-integrate-4.png]
[html-template.spider-themes.net/landpagy/assets/images/home_3/app-integrate-5.png]
[html-template.spider-themes.net/landpagy/assets/images/home_3/app-integrate-6.png]
[html-template.spider-themes.net/landpagy/assets/images/home_3/app-integrate-7.png]
[html-template.spider-themes.net/landpagy/assets/images/home_3/app-integrate-8.png]
[html-template.spider-themes.net/landpagy/assets/images/home_3/app-integrate-9.png]
[html-template.spider-themes.net/landpagy/assets/images/home_3/testimonial-shape.svg]
[html-template.spider-themes.net/landpagy/assets/images/home_3/testimonial-1.png]
[html-template.spider-themes.net/landpagy/assets/images/home_3/testimonial-2.jpg]
[html-template.spider-themes.net/landpagy/assets/images/home_3/testimonial-3.jpg]
[html-template.spider-themes.net/landpagy/assets/js/plugin/parallax.js]
[html-template.spider-themes.net/landpagy/index-payment.html]
[html-template.spider-themes.net/landpagy/assets/images/home_8/icons/Poly2.svg]
[html-template.spider-themes.net/landpagy/assets/images/home_8/icons/logo1.svg]
[html-template.spider-themes.net/landpagy/assets/images/home_8/icons/shape1.svg]
[html-template.spider-themes.net/landpagy/assets/images/home_8/icons/logo2.svg]
[html-template.spider-themes.net/landpagy/assets/images/home_8/icons/shape2.svg]
[html-template.spider-themes.net/landpagy/assets/images/home_8/icons/logo3.svg]
[html-template.spider-themes.net/landpagy/assets/images/home_8/icons/shape3.svg]
[html-template.spider-themes.net/landpagy/assets/images/home_8/icons/logo4.svg]
[html-template.spider-themes.net/landpagy/assets/images/home_8/icons/shape4.svg]
[html-template.spider-themes.net/landpagy/assets/images/home_8/shape/banner-shape.svg]
[html-template.spider-themes.net/landpagy/assets/images/home_8/icons/add-user.svg]
[html-template.spider-themes.net/landpagy/assets/images/home_8/banner.png]
[html-template.spider-themes.net/landpagy/assets/images/home_8/icons/service-icon1.svg]
[html-template.spider-themes.net/landpagy/assets/images/home_8/icons/service-icon2.svg]
[html-template.spider-themes.net/landpagy/assets/images/home_8/icons/service-icon3.svg]
[html-template.spider-themes.net/landpagy/assets/images/home_8/shape/shape1.svg]
[html-template.spider-themes.net/landpagy/assets/images/home_8/shape/shape2.svg]
[html-template.spider-themes.net/landpagy/assets/images/home_8/feature-img1.png]
[html-template.spider-themes.net/landpagy/assets/images/home_8/icons/fea-icon1.svg]
[html-template.spider-themes.net/landpagy/assets/images/home_8/icons/fea-icon2.svg]
[html-template.spider-themes.net/landpagy/assets/images/home_8/icons/fea-icon3.svg]
[html-template.spider-themes.net/landpagy/assets/images/home_8/feature-img2.png]
[html-template.spider-themes.net/landpagy/assets/images/home_8/feature-img3.png]
[html-template.spider-themes.net/landpagy/assets/images/home_8/testimonial-img1.png]
[html-template.spider-themes.net/landpagy/assets/images/home_8/testimonial-img2.png]
[html-template.spider-themes.net/landpagy/assets/images/home_8/shape/cta-shape1.svg]
[html-template.spider-themes.net/landpagy/assets/images/home_8/shape/cta-shape2.svg]
[html-template.spider-themes.net/landpagy/assets/images/home_8/shape/cta-shape3.svg]
[html-template.spider-themes.net/landpagy/assets/images/home_8/shape/footer-shape.svg]
[html-template.spider-themes.net/landpagy/index-billing.html]
[html-template.spider-themes.net/landpagy/assets/images/home_9/shapes/shape1.svg]
[html-template.spider-themes.net/landpagy/assets/images/home_9/shapes/shape2.svg]
[html-template.spider-themes.net/landpagy/assets/images/home_9/shapes/shape3.svg]
[html-template.spider-themes.net/landpagy/assets/images/home_9/shapes/shape4.svg]
[html-template.spider-themes.net/landpagy/assets/images/home_9/shapes/shape5.svg]
[html-template.spider-themes.net/landpagy/assets/images/home_9/shapes/shape6.svg]
[html-template.spider-themes.net/landpagy/assets/images/home_9/shapes/shape7.svg]
[html-template.spider-themes.net/landpagy/assets/images/home_9/shapes/shape8.svg]
[html-template.spider-themes.net/landpagy/assets/images/home_9/desktop2.png]
[html-template.spider-themes.net/landpagy/assets/images/home_9/desktop3.png]
[html-template.spider-themes.net/landpagy/assets/images/home_9/desktop1.png]
[html-template.spider-themes.net/landpagy/assets/images/home_9/features-img.png]
[html-template.spider-themes.net/landpagy/assets/images/home_9/shapes/shape9.svg]
[html-template.spider-themes.net/landpagy/assets/images/home_9/shapes/right.svg]
[html-template.spider-themes.net/landpagy/assets/images/home_9/shapes/shape10.svg]
[html-template.spider-themes.net/landpagy/assets/images/home_9/shapes/shape11-1.svg]
[html-template.spider-themes.net/landpagy/assets/images/home_9/shapes/shape11-2.svg]
[html-template.spider-themes.net/landpagy/assets/images/home_9/shapes/shape11-3.svg]
[html-template.spider-themes.net/landpagy/assets/images/home_9/shapes/shape11-4.svg]
[html-template.spider-themes.net/landpagy/assets/images/home_9/shapes/shape11-5.svg]
[html-template.spider-themes.net/landpagy/assets/images/home_9/shapes/shape11-6.svg]
[html-template.spider-themes.net/landpagy/assets/images/home_9/pricing-img.png]
[html-template.spider-themes.net/landpagy/assets/images/home_9/users/user-logo1.svg]
[html-template.spider-themes.net/landpagy/assets/images/home_9/users/user-logo2.svg]
[html-template.spider-themes.net/landpagy/assets/images/home_9/users/user-logo3.svg]
[html-template.spider-themes.net/landpagy/assets/images/home_9/users/user-logo4.svg]
[html-template.spider-themes.net/landpagy/assets/images/home_9/users/user-logo5.svg]
[html-template.spider-themes.net/landpagy/assets/images/home_9/users/user-logo6.svg]
[html-template.spider-themes.net/landpagy/assets/images/home_9/users/user-logo7.svg]
[html-template.spider-themes.net/landpagy/assets/images/home_9/users/user-logo8.svg]
[html-template.spider-themes.net/landpagy/assets/images/home_9/apps/logo1.png]
[html-template.spider-themes.net/landpagy/assets/images/home_9/apps/logo7.png]
[html-template.spider-themes.net/landpagy/assets/images/home_9/apps/logo9.png]
[html-template.spider-themes.net/landpagy/assets/images/home_9/apps/logo2.png]
[html-template.spider-themes.net/landpagy/assets/images/home_9/apps/logo4.png]
[html-template.spider-themes.net/landpagy/assets/images/home_9/apps/logo8.png]
[html-template.spider-themes.net/landpagy/assets/images/home_9/apps/logo3.png]
[html-template.spider-themes.net/landpagy/assets/images/home_9/apps/logo5.png]
[html-template.spider-themes.net/landpagy/assets/images/home_9/apps/logo6.png]
[html-template.spider-themes.net/landpagy/assets/images/home_9/apps/main-app.svg]
[html-template.spider-themes.net/landpagy/assets/images/home_9/shapes/shape12.svg]
[html-template.spider-themes.net/landpagy/assets/images/home_9/shapes/shape13.svg]
[html-template.spider-themes.net/landpagy/assets/images/home_9/shapes/shape14.svg]
[html-template.spider-themes.net/landpagy/assets/images/home_9/shapes/icon1.svg]
[html-template.spider-themes.net/landpagy/assets/images/home_9/shapes/icon2.svg]
[html-template.spider-themes.net/landpagy/assets/images/home_9/shapes/shape16.svg]
[html-template.spider-themes.net/landpagy/assets/images/home_9/shapes/shape17.svg]
[html-template.spider-themes.net/landpagy/assets/images/home_9/shapes/arrow-forward.svg]
[html-template.spider-themes.net/landpagy/index-cloud.html]
[html-template.spider-themes.net/landpagy/assets/images/home_10/shapes/border.svg]
[html-template.spider-themes.net/landpagy/assets/images/home_10/shapes/right.svg]
[html-template.spider-themes.net/landpagy/assets/images/home_10/shapes/shape1.svg]
[html-template.spider-themes.net/landpagy/assets/images/home_10/shapes/shape2.svg]
[html-template.spider-themes.net/landpagy/assets/images/home_10/banner-img1.png]
[html-template.spider-themes.net/landpagy/assets/images/home_10/banner-img2.png]
[html-template.spider-themes.net/landpagy/assets/images/home_10/shapes/shape3.svg]
[html-template.spider-themes.net/landpagy/assets/images/home_10/shapes/shape4.svg]
[html-template.spider-themes.net/landpagy/assets/images/home_10/fetures-img.png]
[html-template.spider-themes.net/landpagy/assets/images/home_10/icons/icon1.svg]
[html-template.spider-themes.net/landpagy/assets/images/home_10/icons/icon2.svg]
[html-template.spider-themes.net/landpagy/assets/images/home_10/icons/icon3.svg]
[html-template.spider-themes.net/landpagy/assets/images/home_10/shapes/shape5.svg]
[html-template.spider-themes.net/landpagy/assets/images/home_10/shapes/shape6.svg]
[html-template.spider-themes.net/landpagy/assets/images/home_10/shapes/shape7.svg]
[html-template.spider-themes.net/landpagy/assets/images/home_10/works-img.png]
[html-template.spider-themes.net/landpagy/assets/images/home_10/shapes/shape8.svg]
[html-template.spider-themes.net/landpagy/assets/images/home_10/shapes/shape9.svg]
[html-template.spider-themes.net/landpagy/assets/images/home_10/shapes/shape10.svg]
[html-template.spider-themes.net/landpagy/assets/images/home_10/client-1.png]
[html-template.spider-themes.net/landpagy/assets/images/home_10/client-2.png]
[html-template.spider-themes.net/landpagy/assets/images/home_10/client-3.png]
[html-template.spider-themes.net/landpagy/assets/images/home_10/icons/icon4.svg]
[html-template.spider-themes.net/landpagy/assets/images/home_10/icons/icon5.svg]
[html-template.spider-themes.net/landpagy/assets/images/home_10/icons/icon6.svg]
[html-template.spider-themes.net/landpagy/assets/images/home_10/icons/icon7.svg]
[html-template.spider-themes.net/landpagy/assets/images/home_10/shapes/up-right.svg]
[html-template.spider-themes.net/landpagy/assets/images/home_10/cta-img1.svg]
[html-template.spider-themes.net/landpagy/assets/images/home_10/cta-img2.svg]
[html-template.spider-themes.net/landpagy/assets/images/home_10/cta-img3.svg]
[html-template.spider-themes.net/landpagy/assets/images/home_10/cta-img4.svg]
[html-template.spider-themes.net/landpagy/assets/images/home_10/cta-img5.svg]
[html-template.spider-themes.net/landpagy/index-app.html]
[html-template.spider-themes.net/landpagy/assets/images/home_4/banner-shape-1.svg]
[html-template.spider-themes.net/landpagy/assets/images/home_4/banner-shape-2.svg]
[html-template.spider-themes.net/landpagy/assets/images/home_4/banner-shape-3.svg]
[html-template.spider-themes.net/landpagy/assets/images/home_4/banner-shape-4.svg]
[html-template.spider-themes.net/landpagy/assets/images/home_4/banner-bubble-icon1.svg]
[html-template.spider-themes.net/landpagy/assets/images/home_4/banner-bubble-icon2.svg]
[html-template.spider-themes.net/landpagy/assets/images/home_4/banner-bubble-icon3.svg]
[html-template.spider-themes.net/landpagy/assets/images/home_4/banner-frame.png]
[html-template.spider-themes.net/landpagy/assets/images/home_4/banner-frame2.png]
[html-template.spider-themes.net/landpagy/assets/images/home_4/banner-frame3.png]
[html-template.spider-themes.net/landpagy/assets/images/home_4/banner-window.png]
[html-template.spider-themes.net/landpagy/assets/images/home_4/banner-window2.png]
[html-template.spider-themes.net/landpagy/assets/images/home_4/banner-plant.png]
[html-template.spider-themes.net/landpagy/assets/images/home_4/banner-man.png]
[html-template.spider-themes.net/landpagy/assets/images/home_4/banner-floor-bg.png]
[html-template.spider-themes.net/landpagy/assets/images/home_4/test-shape1.svg]
[html-template.spider-themes.net/landpagy/assets/images/home_4/test-shape2.svg]
[html-template.spider-themes.net/landpagy/assets/images/home_4/customer-video.png]
[html-template.spider-themes.net/landpagy/assets/images/home_4/customer-logo.svg]
[html-template.spider-themes.net/landpagy/assets/images/home_4/fea-shape.svg]
[html-template.spider-themes.net/landpagy/assets/images/home_4/fea-icon1.svg]
[html-template.spider-themes.net/landpagy/assets/images/home_4/fea-icon2.svg]
[html-template.spider-themes.net/landpagy/assets/images/home_4/fea-icon3.svg]
[html-template.spider-themes.net/landpagy/assets/images/home_4/fea-icon4.svg]
[html-template.spider-themes.net/landpagy/assets/images/home_4/fea-icon5.svg]
[html-template.spider-themes.net/landpagy/assets/images/home_4/fea-icon6.svg]
[html-template.spider-themes.net/landpagy/assets/images/home_4/integration-shape.svg]
[html-template.spider-themes.net/landpagy/assets/images/home_4/apps2/slack-app.svg]
[html-template.spider-themes.net/landpagy/assets/images/home_4/apps2/contact-app.svg]
[html-template.spider-themes.net/landpagy/assets/images/home_4/apps2/msoffice-app.svg]
[html-template.spider-themes.net/landpagy/assets/images/home_4/apps2/calender-app.svg]
[html-template.spider-themes.net/landpagy/assets/images/home_4/apps2/drive-app.svg]
[html-template.spider-themes.net/landpagy/assets/images/home_4/apps2/shopify-app.svg]
[html-template.spider-themes.net/landpagy/assets/images/home_4/apps2/excel-app.svg]
[html-template.spider-themes.net/landpagy/assets/images/home_4/apps2/meet-app.svg]
[html-template.spider-themes.net/landpagy/assets/images/home_4/apps2/gmail-app.svg]
[html-template.spider-themes.net/landpagy/assets/images/home_4/apps2/main-app.svg]
[html-template.spider-themes.net/landpagy/assets/images/home_4/apps2/app-bars.svg]
[html-template.spider-themes.net/landpagy/assets/images/home_4/fea-shape2.svg]
[html-template.spider-themes.net/landpagy/assets/images/home_4/dashboard.png]
[html-template.spider-themes.net/landpagy/assets/images/home_4/mobile-shape1.svg]
[html-template.spider-themes.net/landpagy/assets/images/home_4/mobile-shape2.svg]
[html-template.spider-themes.net/landpagy/assets/images/home_4/test-shape3.svg]
[html-template.spider-themes.net/landpagy/assets/images/home_4/test-item-img1.jpg]
[html-template.spider-themes.net/landpagy/assets/images/home_4/test-item-img2.jpg]
[html-template.spider-themes.net/landpagy/assets/images/home_4/cta-shape.svg]
[html-template.spider-themes.net/landpagy/index-hrm.html]
[html-template.spider-themes.net/landpagy/assets/images/home_4/footer-shape.svg]
[html-template.spider-themes.net/landpagy/assets/images/logo-7.svg]
[html-template.spider-themes.net/landpagy/assets/images/home_5/shapes/banner-shape1.png]
[html-template.spider-themes.net/landpagy/assets/images/home_5/shapes/banner-shape2.png]
[html-template.spider-themes.net/landpagy/assets/images/home_5/shapes/banner-shape3.png]
[html-template.spider-themes.net/landpagy/assets/images/home_5/shapes/banner-shape4.png]
[html-template.spider-themes.net/landpagy/assets/images/home_5/banner1.png]
[html-template.spider-themes.net/landpagy/assets/images/home_5/banner2.png]
[html-template.spider-themes.net/landpagy/assets/images/home_5/banner3.png]
[html-template.spider-themes.net/landpagy/assets/images/home_5/shapes/fea-shape1.png]
[html-template.spider-themes.net/landpagy/assets/images/home_5/shapes/fea-shape2.png]
[html-template.spider-themes.net/landpagy/assets/images/home_5/shapes/fea-shape3.png]
[html-template.spider-themes.net/landpagy/assets/images/home_5/fea-img1.jpg]
[html-template.spider-themes.net/landpagy/assets/images/home_5/shapes/fea-shape4.png]
[html-template.spider-themes.net/landpagy/assets/images/home_5/shapes/fea-shape5.png]
[html-template.spider-themes.net/landpagy/assets/images/home_5/fea-img2.jpg]
[html-template.spider-themes.net/landpagy/assets/images/home_5/shapes/fea-shape6.png]
[html-template.spider-themes.net/landpagy/assets/images/home_5/shapes/fea-shape7.png]
[html-template.spider-themes.net/landpagy/assets/images/home_5/fea-img3.jpg]
[html-template.spider-themes.net/landpagy/assets/images/home_5/icons/fea-icon1.svg]
[html-template.spider-themes.net/landpagy/assets/images/home_5/icons/fea-icon2.svg]
[html-template.spider-themes.net/landpagy/assets/images/home_5/icons/fea-icon3.svg]
[html-template.spider-themes.net/landpagy/assets/images/home_5/icons/fea-icon4.svg]
[html-template.spider-themes.net/landpagy/assets/images/home_5/icons/fea-icon5.svg]
[html-template.spider-themes.net/landpagy/assets/images/home_5/icons/fea-icon6.svg]
[html-template.spider-themes.net/landpagy/assets/images/home_5/icons/fea-icon7.svg]
[html-template.spider-themes.net/landpagy/assets/images/home_5/icons/fea-icon8.svg]
[html-template.spider-themes.net/landpagy/assets/images/home_5/icons/easy-start-icon1.svg]
[html-template.spider-themes.net/landpagy/assets/images/home_5/icons/easy-start-icon2.svg]
[html-template.spider-themes.net/landpagy/assets/images/home_5/icons/easy-start-icon3.svg]
[html-template.spider-themes.net/landpagy/assets/images/home_5/icons/hardware-icon1.svg]
[html-template.spider-themes.net/landpagy/assets/images/home_5/icons/hardware-icon2.svg]
[html-template.spider-themes.net/landpagy/assets/images/home_5/icons/hardware-icon3.svg]
[html-template.spider-themes.net/landpagy/assets/images/home_5/icons/hardware-icon4.svg]
[html-template.spider-themes.net/landpagy/assets/images/home_5/icons/hardware-icon5.svg]
[html-template.spider-themes.net/landpagy/assets/images/home_5/icons/hardware-icon6.svg]
[html-template.spider-themes.net/landpagy/assets/images/home_5/icons/apple-icon.svg]
[html-template.spider-themes.net/landpagy/assets/images/home_5/icons/android-icon.svg]
[html-template.spider-themes.net/landpagy/assets/images/home_5/icons/windows-icon.svg]
[html-template.spider-themes.net/landpagy/assets/images/home_5/icons/quote-icon.svg]
[html-template.spider-themes.net/landpagy/assets/images/home_5/author3.png]
[html-template.spider-themes.net/landpagy/assets/images/home_5/author2.png]
[html-template.spider-themes.net/landpagy/assets/images/home_5/author1.png]
[html-template.spider-themes.net/landpagy/assets/images/home_5/blog-img1.jpg]
[html-template.spider-themes.net/landpagy/assets/images/home_5/blog-img2.jpg]
[html-template.spider-themes.net/landpagy/assets/images/home_5/blog-img3.jpg]
[html-template.spider-themes.net/landpagy/assets/images/home_5/shapes/faq-shape1.png]
[html-template.spider-themes.net/landpagy/assets/images/home_5/shapes/faq-shape2.png]
[html-template.spider-themes.net/landpagy/assets/images/home_5/shapes/cta-shape1.svg]
[html-template.spider-themes.net/landpagy/assets/images/home_5/shapes/cta-shape2.svg]
[html-template.spider-themes.net/landpagy/assets/images/home_5/icons/kite.svg]
[html-template.spider-themes.net/landpagy/index-pos.html]
[html-template.spider-themes.net/landpagy/assets/images/home_5/icons/women.svg]
[html-template.spider-themes.net/landpagy/assets/images/logo-6.svg]
[html-template.spider-themes.net/landpagy/assets/images/home_6/banner-shape1.svg]
[html-template.spider-themes.net/landpagy/assets/images/home_6/banner-shape2.png]
[html-template.spider-themes.net/landpagy/assets/images/home_6/banner-shape3.svg]
[html-template.spider-themes.net/landpagy/assets/images/home_6/banner-shape4.svg]
[html-template.spider-themes.net/landpagy/assets/images/home_6/banner-shape5.svg]
[html-template.spider-themes.net/landpagy/assets/images/home_6/banner-shape6.png]
[html-template.spider-themes.net/landpagy/assets/images/home_6/banner-shape7.png]
[html-template.spider-themes.net/landpagy/assets/images/home_6/banner-shape8.png]
[html-template.spider-themes.net/landpagy/assets/images/home_6/banner-shape9.svg]
[html-template.spider-themes.net/landpagy/assets/images/home_6/banner-shape10.svg]
[html-template.spider-themes.net/landpagy/assets/images/home_6/fea-img.jpg]
[html-template.spider-themes.net/landpagy/assets/images/home_6/fea-shape2.svg]
[html-template.spider-themes.net/landpagy/assets/images/home_6/fea-img2.png]
[html-template.spider-themes.net/landpagy/assets/images/home_6/fea-img3.png]
[html-template.spider-themes.net/landpagy/assets/images/home_6/fea-icon1.svg]
[html-template.spider-themes.net/landpagy/assets/images/home_6/fea-icon2.svg]
[html-template.spider-themes.net/landpagy/assets/images/home_6/fea-icon3.svg]
[html-template.spider-themes.net/landpagy/assets/images/home_6/fea-icon4.svg]
[html-template.spider-themes.net/landpagy/assets/images/home_6/fea-icon5.svg]
[html-template.spider-themes.net/landpagy/assets/images/home_6/fea-icon6.svg]
[html-template.spider-themes.net/landpagy/assets/images/home_6/fea-images1.svg]
[html-template.spider-themes.net/landpagy/assets/images/home_6/fea-images2.svg]
[html-template.spider-themes.net/landpagy/assets/images/home_6/fea-images-shape2.svg]
[html-template.spider-themes.net/landpagy/assets/images/home_6/fea-images-shape4.svg]
[html-template.spider-themes.net/landpagy/assets/images/home_6/fea-images3.svg]
[html-template.spider-themes.net/landpagy/assets/images/home_6/apps/app1.svg]
[html-template.spider-themes.net/landpagy/assets/images/home_6/fea-images4.svg]
[html-template.spider-themes.net/landpagy/assets/images/home_6/apps/app2.svg]
[html-template.spider-themes.net/landpagy/assets/images/home_6/apps/app3.svg]
[html-template.spider-themes.net/landpagy/assets/images/home_6/apps/app4.svg]
[html-template.spider-themes.net/landpagy/assets/images/home_6/apps/app5.svg]
[html-template.spider-themes.net/landpagy/assets/images/home_6/apps/app6.svg]
[html-template.spider-themes.net/landpagy/assets/images/home_6/apps/app7.svg]
[html-template.spider-themes.net/landpagy/assets/images/home_6/apps/app8.svg]
[html-template.spider-themes.net/landpagy/assets/images/home_6/apps/app-main.svg]
[html-template.spider-themes.net/landpagy/assets/images/home_6/cta-shape2.png]
[html-template.spider-themes.net/landpagy/assets/images/home_6/cta-shape3.png]
[html-template.spider-themes.net/landpagy/assets/images/home_6/leaf.svg]
[html-template.spider-themes.net/landpagy/index-proto.html]
[html-template.spider-themes.net/landpagy/assets/images/shape/help-center-shape.png]
[html-template.spider-themes.net/landpagy/assets/images/shape/help-center-shape2.png]
[html-template.spider-themes.net/landpagy/assets/images/shape/help-center-shape3.png]
[html-template.spider-themes.net/landpagy/assets/images/shape/help-center-shape4.png]
[html-template.spider-themes.net/landpagy/assets/images/shape/shape16.svg]
[html-template.spider-themes.net/landpagy/assets/images/icon/menu.svg]
[html-template.spider-themes.net/landpagy/assets/images/icon/hover-menu.svg]
[html-template.spider-themes.net/landpagy/assets/images/shape/shape-5.svg]
[html-template.spider-themes.net/landpagy/assets/images/thumb.png]
[html-template.spider-themes.net/landpagy/assets/images/play-button.png]
[html-template.spider-themes.net/landpagy/assets/images/shape/shape17.svg]
[html-template.spider-themes.net/landpagy/assets/images/shape/shape18.svg]
[html-template.spider-themes.net/landpagy/assets/images/testimonial/testimonial-image.png]
[html-template.spider-themes.net/landpagy/assets/images/shape/shape10.svg]
[html-template.spider-themes.net/landpagy/assets/images/shape/shape11.svg]
[html-template.spider-themes.net/landpagy/help-center.html]
[html-template.spider-themes.net/landpagy/assets/images/icon/checkmark.svg]
[html-template.spider-themes.net/landpagy/assets/images/logo/product-logo-1.svg]
[html-template.spider-themes.net/landpagy/assets/images/logo/product-logo-2.svg]
[html-template.spider-themes.net/landpagy/assets/images/logo/product-logo-3.svg]
[html-template.spider-themes.net/landpagy/assets/images/logo/product-logo-4.svg]
[html-template.spider-themes.net/landpagy/assets/images/logo/product-logo-5.svg]
[html-template.spider-themes.net/landpagy/product.html]
[html-template.spider-themes.net/landpagy/assets/images/services/service1.png]
[html-template.spider-themes.net/landpagy/assets/images/services/service2.png]
[html-template.spider-themes.net/landpagy/assets/images/services/service3.png]
[html-template.spider-themes.net/landpagy/assets/images/services/service4.png]
[html-template.spider-themes.net/landpagy/assets/images/services/logo1.svg]
[html-template.spider-themes.net/landpagy/assets/images/services/logo2.svg]
[html-template.spider-themes.net/landpagy/assets/images/services/logo3.svg]
[html-template.spider-themes.net/landpagy/assets/images/services/logo4.svg]
[html-template.spider-themes.net/landpagy/assets/images/services/logo5.svg]
[html-template.spider-themes.net/landpagy/assets/images/services/logo6.svg]
[html-template.spider-themes.net/landpagy/assets/images/services/logo7.svg]
[html-template.spider-themes.net/landpagy/assets/images/services/logo8.svg]
[html-template.spider-themes.net/landpagy/assets/images/home_6/leaf-top.svg]
[html-template.spider-themes.net/landpagy/assets/images/home_6/testimonial-1.png]
[html-template.spider-themes.net/landpagy/assets/images/home_6/testimonial-2.png]
[html-template.spider-themes.net/landpagy/assets/images/services/shape1.svg]
[html-template.spider-themes.net/landpagy/assets/images/services/shape2.svg]
[html-template.spider-themes.net/landpagy/assets/images/services/shape3.svg]
[html-template.spider-themes.net/landpagy/assets/images/services/shape4.svg]
[html-template.spider-themes.net/landpagy/assets/images/footer/kite.svg]
[html-template.spider-themes.net/landpagy/assets/images/footer/women.svg]
[html-template.spider-themes.net/landpagy/assets/images/footer/leaf.svg]
[html-template.spider-themes.net/landpagy/services.html]
[html-template.spider-themes.net/landpagy/assets/images/404/shape1.svg]
[html-template.spider-themes.net/landpagy/assets/images/404/shape2.svg]
[html-template.spider-themes.net/landpagy/assets/images/404/shape3.svg]
[html-template.spider-themes.net/landpagy/assets/images/404/shape4.svg]
[html-template.spider-themes.net/landpagy/assets/images/404/shape5.svg]
[html-template.spider-themes.net/landpagy/assets/images/404/shape6.svg]
[html-template.spider-themes.net/landpagy/assets/images/404/shape7.svg]
[html-template.spider-themes.net/landpagy/assets/images/404/shape8.svg]
[html-template.spider-themes.net/landpagy/assets/images/404/404.svg]
[html-template.spider-themes.net/landpagy/404.html]
[html-template.spider-themes.net/landpagy/assets/js/plugin/jquery-ui.min.js]
[html-template.spider-themes.net/landpagy/assets/images/icon/icon-4.svg]
[html-template.spider-themes.net/landpagy/assets/images/icon/icon-5.svg]
[html-template.spider-themes.net/landpagy/assets/images/icon/icon-6.svg]
[html-template.spider-themes.net/landpagy/assets/images/icon/icon-7.svg]
[html-template.spider-themes.net/landpagy/assets/images/team/team.png]
[html-template.spider-themes.net/landpagy/assets/images/team/team-2.png]
[html-template.spider-themes.net/landpagy/assets/images/team/team-3.png]
[html-template.spider-themes.net/landpagy/assets/images/team/team-4.png]
[html-template.spider-themes.net/landpagy/about.html]
[html-template.spider-themes.net/landpagy/assets/images/about_2/shape/about-shape.png]
[html-template.spider-themes.net/landpagy/assets/images/about_2/about-video.png]
[html-template.spider-themes.net/landpagy/assets/images/about_2/history1.png]
[html-template.spider-themes.net/landpagy/assets/images/about_2/history3.png]
[html-template.spider-themes.net/landpagy/assets/images/about_2/history2.png]
[html-template.spider-themes.net/landpagy/assets/images/about_2/icons/award1.svg]
[html-template.spider-themes.net/landpagy/assets/images/about_2/icons/award2.svg]
[html-template.spider-themes.net/landpagy/assets/images/about_2/icons/award3.svg]
[html-template.spider-themes.net/landpagy/assets/images/about_2/statistic2.png]
[html-template.spider-themes.net/landpagy/assets/images/about_2/statistic3.png]
[html-template.spider-themes.net/landpagy/assets/images/about_2/statistic4.png]
[html-template.spider-themes.net/landpagy/assets/images/about_2/leader1.png]
[html-template.spider-themes.net/landpagy/assets/images/about_2/leader2.png]
[html-template.spider-themes.net/landpagy/assets/images/about_2/leader3.png]
[html-template.spider-themes.net/landpagy/assets/images/about_2/shape/cta-shape1.png]
[html-template.spider-themes.net/landpagy/assets/images/about_2/shape/cta-shape2.png]
[html-template.spider-themes.net/landpagy/about-2.html]
[html-template.spider-themes.net/landpagy/assets/css/scale.css]
[html-template.spider-themes.net/landpagy/assets/images/shape/shape13.svg]
[html-template.spider-themes.net/landpagy/assets/images/shape/shape14.svg]
[html-template.spider-themes.net/landpagy/assets/images/shape/shape15.svg]
[html-template.spider-themes.net/landpagy/assets/images/shape/pricing-shape7.svg]
[html-template.spider-themes.net/landpagy/assets/images/icon/icon-9.svg]
[html-template.spider-themes.net/landpagy/assets/images/icon/icon-10.svg]
[html-template.spider-themes.net/landpagy/assets/images/icon/icon-11.svg]
[html-template.spider-themes.net/landpagy/assets/images/map.svg]
[html-template.spider-themes.net/landpagy/assets/images/flag.png]
[html-template.spider-themes.net/landpagy/contact.html]
[html-template.spider-themes.net/landpagy/assets/js/plugin/tippy-bundle.umd.min.js]
[html-template.spider-themes.net/landpagy/assets/images/contact_2/contact-bg.png]
[html-template.spider-themes.net/landpagy/assets/images/contact_2/icons/card-icon1.svg]
[html-template.spider-themes.net/landpagy/assets/images/contact_2/icons/card-icon2.svg]
[html-template.spider-themes.net/landpagy/assets/images/contact_2/icons/form-icon.svg]
[html-template.spider-themes.net/landpagy/assets/images/contact_2/icons/icon-1.svg]
[html-template.spider-themes.net/landpagy/assets/images/contact_2/icons/icon-2.svg]
[html-template.spider-themes.net/landpagy/assets/images/contact_2/icons/icon-3.svg]
[html-template.spider-themes.net/landpagy/assets/images/contact_2/icons/icon-4.svg]
[html-template.spider-themes.net/landpagy/contact-2.html]
[html-template.spider-themes.net/landpagy/assets/images/comming_soon/shape1.svg]
[html-template.spider-themes.net/landpagy/assets/images/comming_soon/shape2.svg]
[html-template.spider-themes.net/landpagy/assets/images/comming_soon/shape3.svg]
[html-template.spider-themes.net/landpagy/assets/images/comming_soon/shape4.svg]
[html-template.spider-themes.net/landpagy/assets/images/comming_soon/shape5.svg]
[html-template.spider-themes.net/landpagy/comming-soon.html]
[html-template.spider-themes.net/landpagy/comming-soon-2.html]
[html-template.spider-themes.net/landpagy/assets/images/comming_soon/shape6.svg]
[html-template.spider-themes.net/landpagy/assets/images/comming_soon/shape7.svg]
[html-template.spider-themes.net/landpagy/assets/images/comming_soon/shape8.svg]
[html-template.spider-themes.net/landpagy/assets/images/comming_soon/shape9.svg]
[html-template.spider-themes.net/landpagy/assets/images/comming_soon/shape10.svg]
[html-template.spider-themes.net/landpagy/comming-soon-3.html]
[html-template.spider-themes.net/landpagy/assets/images/comming_soon/shape11.svg]
[html-template.spider-themes.net/landpagy/assets/images/comming_soon/shape12.svg]
[html-template.spider-themes.net/landpagy/assets/images/comming_soon/shape13.svg]
[html-template.spider-themes.net/landpagy/assets/images/comming_soon/shape14.svg]
[html-template.spider-themes.net/landpagy/assets/images/comming_soon/shape15.svg]
[html-template.spider-themes.net/landpagy/assets/images/comming_soon/shape16.svg]
[html-template.spider-themes.net/landpagy/assets/images/comming_soon/shape17.svg]
[html-template.spider-themes.net/landpagy/assets/images/comming_soon/shape18.svg]
[html-template.spider-themes.net/landpagy/assets/images/comming_soon/shape19.svg]
[html-template.spider-themes.net/landpagy/assets/images/comming_soon/shape20.svg]
[html-template.spider-themes.net/landpagy/assets/images/comming_soon/star.svg]
[html-template.spider-themes.net/landpagy/assets/images/logo-black.svg]
[html-template.spider-themes.net/landpagy/assets/images/comming_soon/bg3.svg]
[html-template.spider-themes.net/landpagy/comming-soon-4.html]
[html-template.spider-themes.net/landpagy/accordion.html]
[html-template.spider-themes.net/landpagy/team.html]
[html-template.spider-themes.net/landpagy/integration.html]
[html-template.spider-themes.net/landpagy/client.html]
[html-template.spider-themes.net/landpagy/testimonial.html]
[html-template.spider-themes.net/landpagy/video.html]
[html-template.spider-themes.net/landpagy/assets/images/process/icon1.svg]
[html-template.spider-themes.net/landpagy/assets/images/process/icon2.svg]
[html-template.spider-themes.net/landpagy/assets/images/process/icon3.svg]
[html-template.spider-themes.net/landpagy/assets/images/process/icon4.svg]
[html-template.spider-themes.net/landpagy/assets/images/process/icon5.svg]
[html-template.spider-themes.net/landpagy/assets/images/process/shape11.svg]
[html-template.spider-themes.net/landpagy/assets/images/process/shape12.svg]
[html-template.spider-themes.net/landpagy/assets/images/process/shape13.svg]
[html-template.spider-themes.net/landpagy/assets/images/process/shape14.svg]
[html-template.spider-themes.net/landpagy/assets/images/process/shape1.svg]
[html-template.spider-themes.net/landpagy/assets/images/process/shape2.svg]
[html-template.spider-themes.net/landpagy/assets/images/process/shape3.svg]
[html-template.spider-themes.net/landpagy/assets/images/process/shape4.svg]
[html-template.spider-themes.net/landpagy/assets/images/process/shape5.svg]
[html-template.spider-themes.net/landpagy/assets/images/process/shape6.svg]
[html-template.spider-themes.net/landpagy/assets/images/features/feature-7.png]
[html-template.spider-themes.net/landpagy/assets/images/features/features-object-10.svg]
[html-template.spider-themes.net/landpagy/assets/images/features/features-object-11.svg]
[html-template.spider-themes.net/landpagy/assets/images/process/shape7.svg]
[html-template.spider-themes.net/landpagy/assets/images/process/shape8.svg]
[html-template.spider-themes.net/landpagy/assets/images/process/icon6.svg]
[html-template.spider-themes.net/landpagy/assets/images/process/shape9.svg]
[html-template.spider-themes.net/landpagy/assets/images/process/icon7.svg]
[html-template.spider-themes.net/landpagy/assets/images/process/shape10.svg]
[html-template.spider-themes.net/landpagy/assets/images/process/icon8.svg]
[html-template.spider-themes.net/landpagy/assets/images/process/icon9.svg]
[html-template.spider-themes.net/landpagy/process.html]
[html-template.spider-themes.net/landpagy/assets/images/shape/shape-3.svg]
[html-template.spider-themes.net/landpagy/assets/images/shape/pricing-shape2.svg]
[html-template.spider-themes.net/landpagy/assets/images/shape/pricing-shape4.svg]
[html-template.spider-themes.net/landpagy/assets/images/shape/pricing-shape5.svg]
[html-template.spider-themes.net/landpagy/assets/images/shape/pricing-shape6.svg]
[html-template.spider-themes.net/landpagy/assets/images/most.png]
[html-template.spider-themes.net/landpagy/pricing.html]
[html-template.spider-themes.net/landpagy/pricing-2.html]
[html-template.spider-themes.net/landpagy/subscribe.html]
[html-template.spider-themes.net/landpagy/tab.html]
[html-template.spider-themes.net/landpagy/stories.html]
[html-template.spider-themes.net/landpagy/get-app.html]
[html-template.spider-themes.net/landpagy/google-map.html]
[html-template.spider-themes.net/landpagy/fun-fact.html]
[html-template.spider-themes.net/landpagy/faq.html]
[html-template.spider-themes.net/landpagy/assets/images/banner/banner.png]
[html-template.spider-themes.net/landpagy/assets/images/features/feature-6.png]
[html-template.spider-themes.net/landpagy/features.html]
[html-template.spider-themes.net/landpagy/assets/images/breadcrumb.png]
[html-template.spider-themes.net/landpagy/assets/images/recruitment-proccess/icon-1.svg]
[html-template.spider-themes.net/landpagy/assets/images/recruitment-proccess/icon-2.svg]
[html-template.spider-themes.net/landpagy/assets/images/recruitment-proccess/icon-3.svg]
[html-template.spider-themes.net/landpagy/assets/images/recruitment-proccess/icon-4.svg]
[html-template.spider-themes.net/landpagy/career.html]
[html-template.spider-themes.net/landpagy/assets/css/jquery-editable-select.css]
[html-template.spider-themes.net/landpagy/assets/js/plugin/jquery-editable-select.js]
[html-template.spider-themes.net/landpagy/job-post.html]
[html-template.spider-themes.net/landpagy/assets/css/intlTelInput.css]
[html-template.spider-themes.net/landpagy/assets/images/icon_upload.svg]
[html-template.spider-themes.net/landpagy/assets/js/plugin/intlTelInput-jquery.min.js]
[html-template.spider-themes.net/landpagy/assets/js/plugin/dropzone.min.js]
[html-template.spider-themes.net/landpagy/job-application.html]
[html-template.spider-themes.net/landpagy/assets/images/blog/banner-shape1.svg]
[html-template.spider-themes.net/landpagy/assets/images/blog/banner-shape2.svg]
[html-template.spider-themes.net/landpagy/assets/images/blog/banner-shape3.svg]
[html-template.spider-themes.net/landpagy/assets/images/blog/post1.jpg]
[html-template.spider-themes.net/landpagy/assets/images/blog/post2.jpg]
[html-template.spider-themes.net/landpagy/assets/images/blog/post3.jpg]
[html-template.spider-themes.net/landpagy/assets/images/blog/post4.jpg]
[html-template.spider-themes.net/landpagy/assets/images/blog/post5.jpg]
[html-template.spider-themes.net/landpagy/assets/images/blog/post6.jpg]
[html-template.spider-themes.net/landpagy/assets/images/blog/post7.jpg]
[html-template.spider-themes.net/landpagy/assets/images/blog/post8.jpg]
[html-template.spider-themes.net/landpagy/assets/images/blog/post9.jpg]
[html-template.spider-themes.net/landpagy/assets/images/blog/facebook-icon.svg]
[html-template.spider-themes.net/landpagy/assets/images/blog/twitter-icon.svg]
[html-template.spider-themes.net/landpagy/assets/images/blog/youtube-icon.svg]
[html-template.spider-themes.net/landpagy/assets/images/blog/news1.png]
[html-template.spider-themes.net/landpagy/assets/images/blog/news2.png]
[html-template.spider-themes.net/landpagy/assets/images/blog/news3.png]
[html-template.spider-themes.net/landpagy/assets/images/blog/news4.png]
[html-template.spider-themes.net/landpagy/assets/images/blog/insta1.png]
[html-template.spider-themes.net/landpagy/assets/images/blog/insta2.png]
[html-template.spider-themes.net/landpagy/assets/images/blog/insta3.png]
[html-template.spider-themes.net/landpagy/assets/images/blog/insta4.png]
[html-template.spider-themes.net/landpagy/assets/images/blog/insta5.png]
[html-template.spider-themes.net/landpagy/assets/images/blog/insta6.png]
[html-template.spider-themes.net/landpagy/blog.html]
[html-template.spider-themes.net/landpagy/assets/images/blog/single-post1.jpg]
[html-template.spider-themes.net/landpagy/assets/images/blog/single-post2.jpg]
[html-template.spider-themes.net/landpagy/assets/images/blog/auhor-img.png]
[html-template.spider-themes.net/landpagy/blog-single.html]
[html-template.spider-themes.net/landpagy/assets/images/blog_grid/top_post.jpg]
[html-template.spider-themes.net/landpagy/assets/images/blog_grid/ansley.jpg]
[html-template.spider-themes.net/landpagy/assets/images/blog_grid/blog_grid_post1.jpg]
[html-template.spider-themes.net/landpagy/assets/images/blog_grid/author_1.jpg]
[html-template.spider-themes.net/landpagy/assets/images/blog_grid/blog_grid_post2.jpg]
[html-template.spider-themes.net/landpagy/assets/images/blog_grid/author_2.jpg]
[html-template.spider-themes.net/landpagy/assets/images/blog_grid/blog_grid_post3.jpg]
[html-template.spider-themes.net/landpagy/assets/images/blog_grid/author_3.jpg]
[html-template.spider-themes.net/landpagy/assets/images/blog_grid/blog_grid_post4.jpg]
[html-template.spider-themes.net/landpagy/assets/images/blog_grid/author_4.jpg]
[html-template.spider-themes.net/landpagy/assets/images/blog_grid/blog_grid_post5.jpg]
[html-template.spider-themes.net/landpagy/assets/images/blog_grid/author_5.jpg]
[html-template.spider-themes.net/landpagy/assets/images/blog_grid/blog_grid_post6.jpg]
[html-template.spider-themes.net/landpagy/assets/images/blog_grid/author_6.jpg]
[html-template.spider-themes.net/landpagy/assets/images/blog_grid/shadow_action.png]
[html-template.spider-themes.net/landpagy/assets/images/blog_grid/man.png]
[html-template.spider-themes.net/landpagy/assets/images/blog_grid/blog_grid_post7.jpg]
[html-template.spider-themes.net/landpagy/assets/images/blog_grid/blog_grid_post8.jpg]
[html-template.spider-themes.net/landpagy/assets/images/blog_grid/blog_grid_post9.jpg]
[html-template.spider-themes.net/landpagy/blog-grid.html]
[html-template.spider-themes.net/landpagy/assets/images/signup/shape2.svg]
[html-template.spider-themes.net/landpagy/assets/images/signup/shape3.svg]
[html-template.spider-themes.net/landpagy/assets/images/signup/shape4.svg]
[html-template.spider-themes.net/landpagy/assets/images/signup/shape1.svg]
[html-template.spider-themes.net/landpagy/assets/images/signup/icon1.svg]
[html-template.spider-themes.net/landpagy/assets/images/signup/icon2.svg]
[html-template.spider-themes.net/landpagy/assets/images/signup/icon3.svg]
[html-template.spider-themes.net/landpagy/assets/images/signup/icon4.svg]
[html-template.spider-themes.net/landpagy/signin.html]
[html-template.spider-themes.net/landpagy/signup.html]
[html-template.spider-themes.net/landpagy/assets/images/shape/banner-shape2.svg]
[html-template.spider-themes.net/landpagy/assets/images/shape/banner-shape3.svg]
[html-template.spider-themes.net/landpagy/assets/images/shape/banner-shape4.svg]
[html-template.spider-themes.net/landpagy/assets/images/shape/banner-shape5.svg]
[html-template.spider-themes.net/landpagy/assets/images/shape/banner-shape6.svg]
[html-template.spider-themes.net/landpagy/assets/images/brand/brand-1.svg]
[html-template.spider-themes.net/landpagy/assets/images/brand/brand-2.svg]
[html-template.spider-themes.net/landpagy/assets/images/brand/brand-3.svg]
[html-template.spider-themes.net/landpagy/assets/images/brand/brand-4.svg]
[html-template.spider-themes.net/landpagy/assets/images/brand/brand-5.svg]
[html-template.spider-themes.net/landpagy/assets/images/features/features-object-1.svg]
[html-template.spider-themes.net/landpagy/assets/images/features/features-object-2.svg]
[html-template.spider-themes.net/landpagy/assets/images/features/features-object-3.svg]
[html-template.spider-themes.net/landpagy/assets/images/features/features-object-4.svg]
[html-template.spider-themes.net/landpagy/assets/images/features/features-object-5.svg]
[html-template.spider-themes.net/landpagy/assets/images/icon/icon.svg]
[html-template.spider-themes.net/landpagy/assets/images/icon/icon-2.svg]
[html-template.spider-themes.net/landpagy/assets/images/icon/icon-3.svg]
[html-template.spider-themes.net/landpagy/assets/images/features/features-object-6.svg]
[html-template.spider-themes.net/landpagy/assets/images/features/features-object-7.svg]
[html-template.spider-themes.net/landpagy/assets/images/features/features-object-8.svg]
[html-template.spider-themes.net/landpagy/assets/images/features/features-object-9.svg]
[html-template.spider-themes.net/landpagy/assets/images/shape/shape-8.svg]
[html-template.spider-themes.net/landpagy/assets/images/scroll.svg]
[html-template.spider-themes.net/landpagy/assets/fonts/fa-brands-400.svg]
[html-template.spider-themes.net/landpagy/assets/fonts/fa-regular-400.svg]
[html-template.spider-themes.net/landpagy/assets/images/testimonial/testimonial-1.jpg]
[html-template.spider-themes.net/landpagy/assets/fonts/fa-solid-900.svg]
[html-template.spider-themes.net/landpagy/assets/fonts/ElegantIcons.svg]
[html-template.spider-themes.net/landpagy/assets/images/home_2/feature-10-bg.svg]
[html-template.spider-themes.net/landpagy/assets/images/home_2/testimonial-bg.svg]
[html-template.spider-themes.net/landpagy/assets/images/home_10/shapes/footer-bg.svg]
[html-template.spider-themes.net/landpagy/assets/assets/images/blog_grid/top_post.html]
[html-template.spider-themes.net/landpagy/assets/images/process/shape15.svg]
[html-template.spider-themes.net/landpagy/assets/images/comming_soon/bg.svg]
[html-template.spider-themes.net/landpagy/assets/images/comming_soon/bg2.svg]
[html-template.spider-themes.net/landpagy/assets/css/slick.css]
[html-template.spider-themes.net/landpagy/assets/css/slick-theme.css]
[html-template.spider-themes.net/landpagy/assets/images/banner/banner-shape-4.svg]
[html-template.spider-themes.net/landpagy/assets/images/home_2/banner-shape-4.svg]
[html-template.spider-themes.net/landpagy/assets/images/home_2/banner-shape-1.svg]
[html-template.spider-themes.net/landpagy/assets/images/home_2/banner-shape-2.svg]
[html-template.spider-themes.net/landpagy/assets/images/home_2/banner-shape-3.svg]
[html-template.spider-themes.net/landpagy/assets/images/home_2/banner-shape-5.svg]
[html-template.spider-themes.net/landpagy/assets/images/home_2/hero-img.svg]
[html-template.spider-themes.net/landpagy/assets/images/home_2/out-feature-1.svg]
[html-template.spider-themes.net/landpagy/assets/images/home_2/out-feature-2.svg]
[html-template.spider-themes.net/landpagy/assets/images/home_2/out-feature-3.svg]
[html-template.spider-themes.net/landpagy/assets/images/home_2/out-feature-4.svg]
[html-template.spider-themes.net/landpagy/assets/images/home_2/object2.svg]
[html-template.spider-themes.net/landpagy/assets/images/home_2/object1.svg]
[html-template.spider-themes.net/landpagy/assets/images/home_2/feature-shape.svg]
[html-template.spider-themes.net/landpagy/assets/css/nice-select.css]
[html-template.spider-themes.net/landpagy/assets/images/logo-5.svg]
[html-template.spider-themes.net/landpagy/assets/images/home_7/shapes/text-shape.svg]
[html-template.spider-themes.net/landpagy/assets/images/brand/brand-6.svg]
[html-template.spider-themes.net/landpagy/assets/images/brand/brand-7.svg]
[html-template.spider-themes.net/landpagy/assets/images/brand/brand-8.svg]
[html-template.spider-themes.net/landpagy/assets/images/brand/brand-9.svg]
[html-template.spider-themes.net/landpagy/assets/images/brand/brand-10.svg]
[html-template.spider-themes.net/landpagy/assets/images/brand/brand-11.svg]
[html-template.spider-themes.net/landpagy/assets/images/home_7/icons/icon1.svg]
[html-template.spider-themes.net/landpagy/assets/images/home_7/icons/icon2.svg]
[html-template.spider-themes.net/landpagy/assets/images/home_7/icons/icon3.svg]
[html-template.spider-themes.net/landpagy/assets/images/home_7/icons/icon4.svg]
[html-template.spider-themes.net/landpagy/assets/images/home_7/icons/logo-icon.svg]
[html-template.spider-themes.net/landpagy/assets/images/home_7/shapes/counter-shape1.svg]
[html-template.spider-themes.net/landpagy/assets/images/home_7/shapes/counter-shape2.svg]
[html-template.spider-themes.net/landpagy/assets/images/home_6/fea-images-shape3.svg]
[html-template.spider-themes.net/landpagy/assets/images/home_6/fea-shape1.svg]
[html-template.spider-themes.net/landpagy/assets/images/home_6/fea-images-shape1.svg]
[html-template.spider-themes.net/landpagy/assets/images/home_6/kite.svg]
[html-template.spider-themes.net/landpagy/assets/images/home_6/women.svg]
[html-template.spider-themes.net/landpagy/assets/images/home_5/icons/leaf.svg]
[html-template.spider-themes.net/landpagy/assets/images/home_7/shapes/footer-shape.svg]
[html-template.spider-themes.net/landpagy/assets/images/logo-4.svg]
[html-template.spider-themes.net/landpagy/assets/images/home_3/leaf.svg]
[html-template.spider-themes.net/landpagy/assets/images/home_3/user-shape-1.svg]
[html-template.spider-themes.net/landpagy/assets/images/home_3/component-1.svg]
[html-template.spider-themes.net/landpagy/assets/images/home_3/component-2.svg]
[html-template.spider-themes.net/landpagy/assets/images/home_3/component-3.svg]
[html-template.spider-themes.net/landpagy/assets/images/home_3/component-4.svg]
[html-template.spider-themes.net/landpagy/assets/images/home_3/component-5.svg]
[html-template.spider-themes.net/landpagy/assets/images/home_3/component-6.svg]
[html-template.spider-themes.net/landpagy/assets/images/home_3/fast-deal-1.svg]
[html-template.spider-themes.net/landpagy/assets/images/home_3/fast-deal-2.svg]
[html-template.spider-themes.net/landpagy/assets/images/home_3/fast-deal-3.svg]
[html-template.spider-themes.net/landpagy/assets/images/home_3/testimonial-shape.svg]
[html-template.spider-themes.net/landpagy/assets/images/home_8/icons/Poly1.svg]
[html-template.spider-themes.net/landpagy/assets/images/home_8/icons/Poly2.svg]
[html-template.spider-themes.net/landpagy/assets/images/home_8/icons/logo1.svg]
[html-template.spider-themes.net/landpagy/assets/images/home_8/icons/shape1.svg]
[html-template.spider-themes.net/landpagy/assets/images/home_8/icons/logo2.svg]
[html-template.spider-themes.net/landpagy/assets/images/home_8/icons/shape2.svg]
[html-template.spider-themes.net/landpagy/assets/images/home_8/icons/logo3.svg]
[html-template.spider-themes.net/landpagy/assets/images/home_8/icons/shape3.svg]
[html-template.spider-themes.net/landpagy/assets/images/home_8/icons/logo4.svg]
[html-template.spider-themes.net/landpagy/assets/images/home_8/icons/shape4.svg]
[html-template.spider-themes.net/landpagy/assets/images/home_8/shape/banner-shape.svg]
[html-template.spider-themes.net/landpagy/assets/images/home_8/icons/add-user.svg]
[html-template.spider-themes.net/landpagy/assets/images/home_8/icons/service-icon1.svg]
[html-template.spider-themes.net/landpagy/assets/images/home_8/icons/service-icon2.svg]
[html-template.spider-themes.net/landpagy/assets/images/home_8/icons/service-icon3.svg]
[html-template.spider-themes.net/landpagy/assets/images/home_8/shape/shape1.svg]
[html-template.spider-themes.net/landpagy/assets/images/home_8/shape/shape2.svg]
[html-template.spider-themes.net/landpagy/assets/images/home_8/icons/fea-icon1.svg]
[html-template.spider-themes.net/landpagy/assets/images/home_8/icons/fea-icon2.svg]
[html-template.spider-themes.net/landpagy/assets/images/home_8/icons/fea-icon3.svg]
[html-template.spider-themes.net/landpagy/assets/images/home_8/shape/cta-shape1.svg]
[html-template.spider-themes.net/landpagy/assets/images/home_8/shape/cta-shape2.svg]
[html-template.spider-themes.net/landpagy/assets/images/home_8/shape/cta-shape3.svg]
[html-template.spider-themes.net/landpagy/assets/images/home_8/shape/footer-shape.svg]
[html-template.spider-themes.net/landpagy/assets/images/home_9/shapes/shape1.svg]
[html-template.spider-themes.net/landpagy/assets/images/home_9/shapes/shape2.svg]
[html-template.spider-themes.net/landpagy/assets/images/home_9/shapes/shape3.svg]
[html-template.spider-themes.net/landpagy/assets/images/home_9/shapes/shape4.svg]
[html-template.spider-themes.net/landpagy/assets/images/home_9/shapes/shape5.svg]
[html-template.spider-themes.net/landpagy/assets/images/home_9/shapes/shape6.svg]
[html-template.spider-themes.net/landpagy/assets/images/home_9/shapes/shape7.svg]
[html-template.spider-themes.net/landpagy/assets/images/home_9/shapes/shape8.svg]
[html-template.spider-themes.net/landpagy/assets/images/home_9/shapes/shape9.svg]
[html-template.spider-themes.net/landpagy/assets/images/home_9/shapes/right.svg]
[html-template.spider-themes.net/landpagy/assets/images/home_9/shapes/shape10.svg]
[html-template.spider-themes.net/landpagy/assets/images/home_9/shapes/shape11-1.svg]
[html-template.spider-themes.net/landpagy/assets/images/home_9/shapes/shape11-2.svg]
[html-template.spider-themes.net/landpagy/assets/images/home_9/shapes/shape11-3.svg]
[html-template.spider-themes.net/landpagy/assets/images/home_9/shapes/shape11-4.svg]
[html-template.spider-themes.net/landpagy/assets/images/home_9/shapes/shape11-5.svg]
[html-template.spider-themes.net/landpagy/assets/images/home_9/shapes/shape11-6.svg]
[html-template.spider-themes.net/landpagy/assets/images/home_9/users/user-logo1.svg]
[html-template.spider-themes.net/landpagy/assets/images/home_9/users/user-logo2.svg]
[html-template.spider-themes.net/landpagy/assets/images/home_9/users/user-logo3.svg]
[html-template.spider-themes.net/landpagy/assets/images/home_9/users/user-logo4.svg]
[html-template.spider-themes.net/landpagy/assets/images/home_9/users/user-logo5.svg]
[html-template.spider-themes.net/landpagy/assets/images/home_9/users/user-logo6.svg]
[html-template.spider-themes.net/landpagy/assets/images/home_9/users/user-logo7.svg]
[html-template.spider-themes.net/landpagy/assets/images/home_9/users/user-logo8.svg]
[html-template.spider-themes.net/landpagy/assets/images/home_9/apps/main-app.svg]
[html-template.spider-themes.net/landpagy/assets/images/home_9/shapes/shape12.svg]
[html-template.spider-themes.net/landpagy/assets/images/home_9/shapes/shape13.svg]
[html-template.spider-themes.net/landpagy/assets/images/home_9/shapes/shape14.svg]
[html-template.spider-themes.net/landpagy/assets/images/home_9/shapes/icon1.svg]
[html-template.spider-themes.net/landpagy/assets/images/home_9/shapes/icon2.svg]
[html-template.spider-themes.net/landpagy/assets/images/home_9/shapes/shape16.svg]
[html-template.spider-themes.net/landpagy/assets/images/home_9/shapes/shape17.svg]
[html-template.spider-themes.net/landpagy/assets/images/home_9/shapes/arrow-forward.svg]
[html-template.spider-themes.net/landpagy/assets/images/home_10/shapes/border.svg]
[html-template.spider-themes.net/landpagy/assets/images/home_10/shapes/right.svg]
[html-template.spider-themes.net/landpagy/assets/images/home_10/shapes/shape1.svg]
[html-template.spider-themes.net/landpagy/assets/images/home_10/shapes/shape2.svg]
[html-template.spider-themes.net/landpagy/assets/images/home_10/shapes/shape3.svg]
[html-template.spider-themes.net/landpagy/assets/images/home_10/shapes/shape4.svg]
[html-template.spider-themes.net/landpagy/assets/images/home_10/icons/icon1.svg]
[html-template.spider-themes.net/landpagy/assets/images/home_10/icons/icon2.svg]
[html-template.spider-themes.net/landpagy/assets/images/home_10/icons/icon3.svg]
[html-template.spider-themes.net/landpagy/assets/images/home_10/shapes/shape5.svg]
[html-template.spider-themes.net/landpagy/assets/images/home_10/shapes/shape6.svg]
[html-template.spider-themes.net/landpagy/assets/images/home_10/shapes/shape7.svg]
[html-template.spider-themes.net/landpagy/assets/images/home_10/shapes/shape8.svg]
[html-template.spider-themes.net/landpagy/assets/images/home_10/shapes/shape9.svg]
[html-template.spider-themes.net/landpagy/assets/images/home_10/shapes/shape10.svg]
[html-template.spider-themes.net/landpagy/assets/images/home_10/icons/icon4.svg]
[html-template.spider-themes.net/landpagy/assets/images/home_10/icons/icon5.svg]
[html-template.spider-themes.net/landpagy/assets/images/home_10/icons/icon6.svg]
[html-template.spider-themes.net/landpagy/assets/images/home_10/icons/icon7.svg]
[html-template.spider-themes.net/landpagy/assets/images/home_10/shapes/up-right.svg]
[html-template.spider-themes.net/landpagy/assets/images/home_10/cta-img1.svg]
[html-template.spider-themes.net/landpagy/assets/images/home_10/cta-img2.svg]
[html-template.spider-themes.net/landpagy/assets/images/home_10/cta-img3.svg]
[html-template.spider-themes.net/landpagy/assets/images/home_10/cta-img4.svg]
[html-template.spider-themes.net/landpagy/assets/images/home_10/cta-img5.svg]
[html-template.spider-themes.net/landpagy/assets/images/home_4/banner-shape-1.svg]
[html-template.spider-themes.net/landpagy/assets/images/home_4/banner-shape-2.svg]
[html-template.spider-themes.net/landpagy/assets/images/home_4/banner-shape-3.svg]
[html-template.spider-themes.net/landpagy/assets/images/home_4/banner-shape-4.svg]
[html-template.spider-themes.net/landpagy/assets/images/home_4/banner-bubble-icon1.svg]
[html-template.spider-themes.net/landpagy/assets/images/home_4/banner-bubble-icon2.svg]
[html-template.spider-themes.net/landpagy/assets/images/home_4/banner-bubble-icon3.svg]
[html-template.spider-themes.net/landpagy/assets/images/home_4/test-shape1.svg]
[html-template.spider-themes.net/landpagy/assets/images/home_4/test-shape2.svg]
[html-template.spider-themes.net/landpagy/assets/images/home_4/customer-logo.svg]
[html-template.spider-themes.net/landpagy/assets/images/home_4/fea-shape.svg]
[html-template.spider-themes.net/landpagy/assets/images/home_4/fea-icon1.svg]
[html-template.spider-themes.net/landpagy/assets/images/home_4/fea-icon2.svg]
[html-template.spider-themes.net/landpagy/assets/images/home_4/fea-icon3.svg]
[html-template.spider-themes.net/landpagy/assets/images/home_4/fea-icon4.svg]
[html-template.spider-themes.net/landpagy/assets/images/home_4/fea-icon5.svg]
[html-template.spider-themes.net/landpagy/assets/images/home_4/fea-icon6.svg]
[html-template.spider-themes.net/landpagy/assets/images/home_4/integration-shape.svg]
[html-template.spider-themes.net/landpagy/assets/images/home_4/apps2/slack-app.svg]
[html-template.spider-themes.net/landpagy/assets/images/home_4/apps2/contact-app.svg]
[html-template.spider-themes.net/landpagy/assets/images/home_4/apps2/msoffice-app.svg]
[html-template.spider-themes.net/landpagy/assets/images/home_4/apps2/calender-app.svg]
[html-template.spider-themes.net/landpagy/assets/images/home_4/apps2/drive-app.svg]
[html-template.spider-themes.net/landpagy/assets/images/home_4/apps2/shopify-app.svg]
[html-template.spider-themes.net/landpagy/assets/images/home_4/apps2/excel-app.svg]
[html-template.spider-themes.net/landpagy/assets/images/home_4/apps2/meet-app.svg]
[html-template.spider-themes.net/landpagy/assets/images/home_4/apps2/gmail-app.svg]
[html-template.spider-themes.net/landpagy/assets/images/home_4/apps2/main-app.svg]
[html-template.spider-themes.net/landpagy/assets/images/home_4/apps2/app-bars.svg]
[html-template.spider-themes.net/landpagy/assets/images/home_4/fea-shape2.svg]
[html-template.spider-themes.net/landpagy/assets/images/home_4/mobile-shape1.svg]
[html-template.spider-themes.net/landpagy/assets/images/home_4/mobile-shape2.svg]
[html-template.spider-themes.net/landpagy/assets/images/home_4/test-shape3.svg]
[html-template.spider-themes.net/landpagy/assets/images/home_4/cta-shape.svg]
[html-template.spider-themes.net/landpagy/assets/images/home_4/footer-shape.svg]
[html-template.spider-themes.net/landpagy/assets/images/logo-7.svg]
[html-template.spider-themes.net/landpagy/assets/images/home_5/icons/fea-icon1.svg]
[html-template.spider-themes.net/landpagy/assets/images/home_5/icons/fea-icon2.svg]
[html-template.spider-themes.net/landpagy/assets/images/home_5/icons/fea-icon3.svg]
[html-template.spider-themes.net/landpagy/assets/images/home_5/icons/fea-icon4.svg]
[html-template.spider-themes.net/landpagy/assets/images/home_5/icons/fea-icon5.svg]
[html-template.spider-themes.net/landpagy/assets/images/home_5/icons/fea-icon6.svg]
[html-template.spider-themes.net/landpagy/assets/images/home_5/icons/fea-icon7.svg]
[html-template.spider-themes.net/landpagy/assets/images/home_5/icons/fea-icon8.svg]
[html-template.spider-themes.net/landpagy/assets/images/home_5/icons/easy-start-icon1.svg]
[html-template.spider-themes.net/landpagy/assets/images/home_5/icons/easy-start-icon2.svg]
[html-template.spider-themes.net/landpagy/assets/images/home_5/icons/easy-start-icon3.svg]
[html-template.spider-themes.net/landpagy/assets/images/home_5/icons/hardware-icon1.svg]
[html-template.spider-themes.net/landpagy/assets/images/home_5/icons/hardware-icon2.svg]
[html-template.spider-themes.net/landpagy/assets/images/home_5/icons/hardware-icon3.svg]
[html-template.spider-themes.net/landpagy/assets/images/home_5/icons/hardware-icon4.svg]
[html-template.spider-themes.net/landpagy/assets/images/home_5/icons/hardware-icon5.svg]
[html-template.spider-themes.net/landpagy/assets/images/home_5/icons/hardware-icon6.svg]
[html-template.spider-themes.net/landpagy/assets/images/home_5/icons/apple-icon.svg]
[html-template.spider-themes.net/landpagy/assets/images/home_5/icons/android-icon.svg]
[html-template.spider-themes.net/landpagy/assets/images/home_5/icons/windows-icon.svg]
[html-template.spider-themes.net/landpagy/assets/images/home_5/icons/quote-icon.svg]
[html-template.spider-themes.net/landpagy/assets/images/home_5/shapes/cta-shape1.svg]
[html-template.spider-themes.net/landpagy/assets/images/home_5/shapes/cta-shape2.svg]
[html-template.spider-themes.net/landpagy/assets/images/home_5/icons/kite.svg]
[html-template.spider-themes.net/landpagy/assets/images/home_5/icons/women.svg]
[html-template.spider-themes.net/landpagy/assets/images/logo-6.svg]
[html-template.spider-themes.net/landpagy/assets/images/home_6/banner-shape1.svg]
[html-template.spider-themes.net/landpagy/assets/images/home_6/banner-shape3.svg]
[html-template.spider-themes.net/landpagy/assets/images/home_6/banner-shape4.svg]
[html-template.spider-themes.net/landpagy/assets/images/home_6/banner-shape5.svg]
[html-template.spider-themes.net/landpagy/assets/images/home_6/banner-shape9.svg]
[html-template.spider-themes.net/landpagy/assets/images/home_6/banner-shape10.svg]
[html-template.spider-themes.net/landpagy/assets/images/home_6/fea-shape2.svg]
[html-template.spider-themes.net/landpagy/assets/images/home_6/fea-icon1.svg]
[html-template.spider-themes.net/landpagy/assets/images/home_6/fea-icon2.svg]
[html-template.spider-themes.net/landpagy/assets/images/home_6/fea-icon3.svg]
[html-template.spider-themes.net/landpagy/assets/images/home_6/fea-icon4.svg]
[html-template.spider-themes.net/landpagy/assets/images/home_6/fea-icon5.svg]
[html-template.spider-themes.net/landpagy/assets/images/home_6/fea-icon6.svg]
[html-template.spider-themes.net/landpagy/assets/images/home_6/fea-images1.svg]
[html-template.spider-themes.net/landpagy/assets/images/home_6/fea-images2.svg]
[html-template.spider-themes.net/landpagy/assets/images/home_6/fea-images-shape2.svg]
[html-template.spider-themes.net/landpagy/assets/images/home_6/fea-images3.svg]
[html-template.spider-themes.net/landpagy/assets/images/home_6/fea-images-shape4.svg]
[html-template.spider-themes.net/landpagy/assets/images/home_4/test-shape4.svg]
[html-template.spider-themes.net/landpagy/assets/images/home_6/fea-images4.svg]
[html-template.spider-themes.net/landpagy/assets/images/home_6/apps/app1.svg]
[html-template.spider-themes.net/landpagy/assets/images/home_6/apps/app2.svg]
[html-template.spider-themes.net/landpagy/assets/images/home_6/apps/app3.svg]
[html-template.spider-themes.net/landpagy/assets/images/home_6/apps/app4.svg]
[html-template.spider-themes.net/landpagy/assets/images/home_6/apps/app5.svg]
[html-template.spider-themes.net/landpagy/assets/images/home_6/apps/app6.svg]
[html-template.spider-themes.net/landpagy/assets/images/home_6/apps/app7.svg]
[html-template.spider-themes.net/landpagy/assets/images/home_6/apps/app8.svg]
[html-template.spider-themes.net/landpagy/assets/images/home_6/apps/app-main.svg]
[html-template.spider-themes.net/landpagy/assets/images/home_6/leaf.svg]
[html-template.spider-themes.net/landpagy/assets/images/shape/shape16.svg]
[html-template.spider-themes.net/landpagy/assets/images/icon/menu.svg]
[html-template.spider-themes.net/landpagy/assets/images/icon/hover-menu.svg]
[html-template.spider-themes.net/landpagy/assets/images/shape/shape-5.svg]
[html-template.spider-themes.net/landpagy/assets/images/shape/shape17.svg]
[html-template.spider-themes.net/landpagy/assets/images/shape/shape18.svg]
[html-template.spider-themes.net/landpagy/assets/images/shape/shape10.svg]
[html-template.spider-themes.net/landpagy/assets/images/shape/shape11.svg]
[html-template.spider-themes.net/landpagy/assets/images/icon/checkmark.svg]
[html-template.spider-themes.net/landpagy/assets/images/logo/product-logo-1.svg]
[html-template.spider-themes.net/landpagy/assets/images/logo/product-logo-2.svg]
[html-template.spider-themes.net/landpagy/assets/images/logo/product-logo-3.svg]
[html-template.spider-themes.net/landpagy/assets/images/logo/product-logo-4.svg]
[html-template.spider-themes.net/landpagy/assets/images/logo/product-logo-5.svg]
[html-template.spider-themes.net/landpagy/assets/images/services/logo1.svg]
[html-template.spider-themes.net/landpagy/assets/images/services/logo2.svg]
[html-template.spider-themes.net/landpagy/assets/images/services/logo3.svg]
[html-template.spider-themes.net/landpagy/assets/images/services/logo4.svg]
[html-template.spider-themes.net/landpagy/assets/images/services/logo5.svg]
[html-template.spider-themes.net/landpagy/assets/images/services/logo6.svg]
[html-template.spider-themes.net/landpagy/assets/images/services/logo7.svg]
[html-template.spider-themes.net/landpagy/assets/images/services/logo8.svg]
[html-template.spider-themes.net/landpagy/assets/images/home_6/leaf-top.svg]
[html-template.spider-themes.net/landpagy/assets/images/services/shape1.svg]
[html-template.spider-themes.net/landpagy/assets/images/services/shape2.svg]
[html-template.spider-themes.net/landpagy/assets/images/services/shape3.svg]
[html-template.spider-themes.net/landpagy/assets/images/services/shape4.svg]
[html-template.spider-themes.net/landpagy/assets/images/footer/kite.svg]
[html-template.spider-themes.net/landpagy/assets/images/footer/women.svg]
[html-template.spider-themes.net/landpagy/assets/images/footer/leaf.svg]
[html-template.spider-themes.net/landpagy/assets/images/404/shape1.svg]
[html-template.spider-themes.net/landpagy/assets/images/404/shape2.svg]
[html-template.spider-themes.net/landpagy/assets/images/404/shape3.svg]
[html-template.spider-themes.net/landpagy/assets/images/404/shape4.svg]
[html-template.spider-themes.net/landpagy/assets/images/404/shape5.svg]
[html-template.spider-themes.net/landpagy/assets/images/404/shape6.svg]
[html-template.spider-themes.net/landpagy/assets/images/404/shape7.svg]
[html-template.spider-themes.net/landpagy/assets/images/404/shape8.svg]
[html-template.spider-themes.net/landpagy/assets/images/404/404.svg]
[html-template.spider-themes.net/landpagy/assets/images/icon/icon-4.svg]
[html-template.spider-themes.net/landpagy/assets/images/icon/icon-5.svg]
[html-template.spider-themes.net/landpagy/assets/images/icon/icon-6.svg]
[html-template.spider-themes.net/landpagy/assets/images/icon/icon-7.svg]
[html-template.spider-themes.net/landpagy/assets/images/about_2/icons/award1.svg]
[html-template.spider-themes.net/landpagy/assets/images/about_2/icons/award2.svg]
[html-template.spider-themes.net/landpagy/assets/images/about_2/icons/award3.svg]
[html-template.spider-themes.net/landpagy/assets/css/scale.css]
[html-template.spider-themes.net/landpagy/assets/images/shape/shape13.svg]
[html-template.spider-themes.net/landpagy/assets/images/shape/shape14.svg]
[html-template.spider-themes.net/landpagy/assets/images/shape/shape15.svg]
[html-template.spider-themes.net/landpagy/assets/images/shape/pricing-shape7.svg]
[html-template.spider-themes.net/landpagy/assets/images/icon/icon-9.svg]
[html-template.spider-themes.net/landpagy/assets/images/icon/icon-10.svg]
[html-template.spider-themes.net/landpagy/assets/images/icon/icon-11.svg]
[html-template.spider-themes.net/landpagy/assets/images/map.svg]
[html-template.spider-themes.net/landpagy/assets/images/contact_2/icons/card-icon1.svg]
[html-template.spider-themes.net/landpagy/assets/images/contact_2/icons/card-icon2.svg]
[html-template.spider-themes.net/landpagy/assets/images/contact_2/icons/form-icon.svg]
[html-template.spider-themes.net/landpagy/assets/images/contact_2/icons/icon-1.svg]
[html-template.spider-themes.net/landpagy/assets/images/contact_2/icons/icon-2.svg]
[html-template.spider-themes.net/landpagy/assets/images/contact_2/icons/icon-3.svg]
[html-template.spider-themes.net/landpagy/assets/images/contact_2/icons/icon-4.svg]
[html-template.spider-themes.net/landpagy/assets/images/comming_soon/shape1.svg]
[html-template.spider-themes.net/landpagy/assets/images/comming_soon/shape2.svg]
[html-template.spider-themes.net/landpagy/assets/images/comming_soon/shape3.svg]
[html-template.spider-themes.net/landpagy/assets/images/comming_soon/shape4.svg]
[html-template.spider-themes.net/landpagy/assets/images/comming_soon/shape5.svg]
[html-template.spider-themes.net/landpagy/assets/images/comming_soon/shape6.svg]
[html-template.spider-themes.net/landpagy/assets/images/comming_soon/shape7.svg]
[html-template.spider-themes.net/landpagy/assets/images/comming_soon/shape8.svg]
[html-template.spider-themes.net/landpagy/assets/images/comming_soon/shape9.svg]
[html-template.spider-themes.net/landpagy/assets/images/comming_soon/shape10.svg]
[html-template.spider-themes.net/landpagy/assets/images/comming_soon/shape11.svg]
[html-template.spider-themes.net/landpagy/assets/images/comming_soon/shape12.svg]
[html-template.spider-themes.net/landpagy/assets/images/comming_soon/shape13.svg]
[html-template.spider-themes.net/landpagy/assets/images/comming_soon/shape14.svg]
[html-template.spider-themes.net/landpagy/assets/images/comming_soon/shape15.svg]
[html-template.spider-themes.net/landpagy/assets/images/comming_soon/shape16.svg]
[html-template.spider-themes.net/landpagy/assets/images/comming_soon/shape17.svg]
[html-template.spider-themes.net/landpagy/assets/images/comming_soon/shape18.svg]
[html-template.spider-themes.net/landpagy/assets/images/comming_soon/shape19.svg]
[html-template.spider-themes.net/landpagy/assets/images/comming_soon/shape20.svg]
[html-template.spider-themes.net/landpagy/assets/images/comming_soon/star.svg]
[html-template.spider-themes.net/landpagy/assets/images/logo-black.svg]
[html-template.spider-themes.net/landpagy/assets/images/comming_soon/bg3.svg]
[html-template.spider-themes.net/landpagy/assets/images/process/icon1.svg]
[html-template.spider-themes.net/landpagy/assets/images/process/icon2.svg]
[html-template.spider-themes.net/landpagy/assets/images/process/icon3.svg]
[html-template.spider-themes.net/landpagy/assets/images/process/icon4.svg]
[html-template.spider-themes.net/landpagy/assets/images/process/icon5.svg]
[html-template.spider-themes.net/landpagy/assets/images/process/shape11.svg]
[html-template.spider-themes.net/landpagy/assets/images/process/shape12.svg]
[html-template.spider-themes.net/landpagy/assets/images/process/shape13.svg]
[html-template.spider-themes.net/landpagy/assets/images/process/shape14.svg]
[html-template.spider-themes.net/landpagy/assets/images/process/shape1.svg]
[html-template.spider-themes.net/landpagy/assets/images/process/shape2.svg]
[html-template.spider-themes.net/landpagy/assets/images/process/shape3.svg]
[html-template.spider-themes.net/landpagy/assets/images/process/shape4.svg]
[html-template.spider-themes.net/landpagy/assets/images/process/shape5.svg]
[html-template.spider-themes.net/landpagy/assets/images/process/shape6.svg]
[html-template.spider-themes.net/landpagy/assets/images/features/features-object-10.svg]
[html-template.spider-themes.net/landpagy/assets/images/features/features-object-11.svg]
[html-template.spider-themes.net/landpagy/assets/images/features/features-object-12.svg]
[html-template.spider-themes.net/landpagy/assets/images/process/shape7.svg]
[html-template.spider-themes.net/landpagy/assets/images/process/shape8.svg]
[html-template.spider-themes.net/landpagy/assets/images/process/icon6.svg]
[html-template.spider-themes.net/landpagy/assets/images/process/shape9.svg]
[html-template.spider-themes.net/landpagy/assets/images/process/icon7.svg]
[html-template.spider-themes.net/landpagy/assets/images/process/shape10.svg]
[html-template.spider-themes.net/landpagy/assets/images/process/icon8.svg]
[html-template.spider-themes.net/landpagy/assets/images/process/icon9.svg]
[html-template.spider-themes.net/landpagy/assets/images/shape/shape-3.svg]
[html-template.spider-themes.net/landpagy/assets/images/shape/pricing-shape2.svg]
[html-template.spider-themes.net/landpagy/assets/images/shape/pricing-shape4.svg]
[html-template.spider-themes.net/landpagy/assets/images/shape/pricing-shape5.svg]
[html-template.spider-themes.net/landpagy/assets/images/shape/pricing-shape6.svg]
[html-template.spider-themes.net/landpagy/assets/images/recruitment-proccess/icon-1.svg]
[html-template.spider-themes.net/landpagy/assets/images/recruitment-proccess/icon-2.svg]
[html-template.spider-themes.net/landpagy/assets/images/recruitment-proccess/icon-3.svg]
[html-template.spider-themes.net/landpagy/assets/images/recruitment-proccess/icon-4.svg]
[html-template.spider-themes.net/landpagy/assets/css/jquery-editable-select.css]
[html-template.spider-themes.net/landpagy/assets/images/flags.png]
[html-template.spider-themes.net/landpagy/assets/css/intlTelInput.css]
[html-template.spider-themes.net/landpagy/assets/images/icon_upload.svg]
[html-template.spider-themes.net/landpagy/assets/images/blog/banner-shape1.svg]
[html-template.spider-themes.net/landpagy/assets/images/blog/banner-shape2.svg]
[html-template.spider-themes.net/landpagy/assets/images/blog/banner-shape3.svg]
[html-template.spider-themes.net/landpagy/assets/images/blog/facebook-icon.svg]
[html-template.spider-themes.net/landpagy/assets/images/blog/twitter-icon.svg]
[html-template.spider-themes.net/landpagy/assets/images/blog/youtube-icon.svg]
[html-template.spider-themes.net/landpagy/assets/images/signup/shape2.svg]
[html-template.spider-themes.net/landpagy/assets/images/signup/shape3.svg]
[html-template.spider-themes.net/landpagy/assets/images/signup/shape4.svg]
[html-template.spider-themes.net/landpagy/assets/images/signup/shape1.svg]
[html-template.spider-themes.net/landpagy/assets/images/signup/icon1.svg]
[html-template.spider-themes.net/landpagy/assets/images/signup/icon2.svg]
[html-template.spider-themes.net/landpagy/assets/images/signup/icon3.svg]
[html-template.spider-themes.net/landpagy/assets/images/signup/icon4.svg]
[html-template.spider-themes.net/landpagy/assets/images/home_4/test-shape4.svg]
[html-template.spider-themes.net/landpagy/assets/img/flags@2x.html]
